../Lib/src/finger.c:36:9:Finger_IsTouched	8	static
../Lib/src/finger.c:50:13:fp_send_packet	56	static
../Lib/src/finger.c:83:13:fp_send_cmd	16	static
../Lib/src/finger.c:88:13:fp_send_cmd2	16	static
../Lib/src/finger.c:93:13:fp_send_cmd3	32	static
../Lib/src/finger.c:113:13:fp_recv_response	16	static
../Lib/src/finger.c:147:6:Finger_ReadSysPara	8	static
../Lib/src/finger.c:160:6:Finger_Enroll	16	static
../Lib/src/finger.c:194:6:Finger_Search	8	static
../Lib/src/finger.c:214:6:Finger_ClearAll	8	static
