../Lib/src/oled.c:140:12:OLED_WriteCmd	32	static
../Lib/src/oled.c:157:12:OLED_WriteData	32	static
../Lib/src/oled.c:175:12:OLED_WriteNBytes	32	static
../Lib/src/oled.c:188:13:OLED_SetContrastValue	16	static
../Lib/src/oled.c:205:13:OLED_H_Scroll	24	static
../Lib/src/oled.c:229:13:OLED_HV_Scroll	24	static
../Lib/src/oled.c:249:13:OLED_SetVScrollArea	16	static
../Lib/src/oled.c:267:13:OLED_SetColAddr_PAGE	16	static
../Lib/src/oled.c:282:13:OLED_SetMemAddrMode	16	static
../Lib/src/oled.c:298:13:OLED_SetColAddr_HV	16	static
../Lib/src/oled.c:315:13:OLED_SetPageAddr_HV	16	static
../Lib/src/oled.c:331:13:OLED_SetPageAddr_PAGE	16	static
../Lib/src/oled.c:346:13:OLED_SetDispStartLine	16	static
../Lib/src/oled.c:359:13:OLED_SetMuxRatio	16	static
../Lib/src/oled.c:373:13:OLED_SetDispOffset	16	static
../Lib/src/oled.c:388:13:OLED_SetComConfig	16	static
../Lib/src/oled.c:406:13:OLED_SetDCLK_Freq	16	static
../Lib/src/oled.c:421:13:OLED_SetPreChargePeriod	16	static
../Lib/src/oled.c:435:13:OLED_SetVcomhLevel	16	static
../Lib/src/oled.c:450:13:OLED_SetChargePump	16	static
../Lib/src/oled.c:465:6:OLED_Init	8	static
../Lib/src/oled.c:501:6:OLED_SetPosition	16	static
../Lib/src/oled.c:514:6:OLED_Clear	144	static
../Lib/src/oled.c:535:6:OLED_PutChar	24	static
../Lib/src/oled.c:559:5:OLED_PrintString	24	static
../Lib/src/oled.c:586:6:OLED_ClearLine	16	static
../Lib/src/oled.c:604:5:OLED_PrintHex	64	static
../Lib/src/oled.c:651:5:OLED_PrintSignedVal	64	static
../Lib/src/oled.c:695:8:OLED_GetFrameBuffer	24	static
../Lib/src/oled.c:712:6:OLED_Flush	16	static
../Lib/src/oled.c:738:6:OLED_FlushRegion	32	static
../Lib/src/oled.c:776:6:OLED_ClearFrameBuffer	8	static
../Lib/src/oled.c:793:6:OLED_Test	8	static
