Archive member included to satisfy reference by file (symbol)

D:/STM32CubeIDE/STM32CubeIDE_2.1.1/STM32CubeIDE/plugins/com.st.stm32cube.ide.mcu.externaltools.gnu-tools-for-stm32.14.3.rel1.win32_1.0.100.202602081740/tools/bin/../lib/gcc/arm-none-eabi/14.3.1/../../../../arm-none-eabi/lib/thumb/v7-m/nofp\libc_nano.a(libc_a-exit.o)
                              D:/STM32CubeIDE/STM32CubeIDE_2.1.1/STM32CubeIDE/plugins/com.st.stm32cube.ide.mcu.externaltools.gnu-tools-for-stm32.14.3.rel1.win32_1.0.100.202602081740/tools/bin/../lib/gcc/arm-none-eabi/14.3.1/../../../../arm-none-eabi/lib/thumb/v7-m/nofp/crt0.o (exit)
D:/STM32CubeIDE/STM32CubeIDE_2.1.1/STM32CubeIDE/plugins/com.st.stm32cube.ide.mcu.externaltools.gnu-tools-for-stm32.14.3.rel1.win32_1.0.100.202602081740/tools/bin/../lib/gcc/arm-none-eabi/14.3.1/../../../../arm-none-eabi/lib/thumb/v7-m/nofp\libc_nano.a(libc_a-findfp.o)
                              ./Middlewares/Third_Party/FreeRTOS/Source/tasks.o (__sf)
D:/STM32CubeIDE/STM32CubeIDE_2.1.1/STM32CubeIDE/plugins/com.st.stm32cube.ide.mcu.externaltools.gnu-tools-for-stm32.14.3.rel1.win32_1.0.100.202602081740/tools/bin/../lib/gcc/arm-none-eabi/14.3.1/../../../../arm-none-eabi/lib/thumb/v7-m/nofp\libc_nano.a(libc_a-fwalk.o)
                              D:/STM32CubeIDE/STM32CubeIDE_2.1.1/STM32CubeIDE/plugins/com.st.stm32cube.ide.mcu.externaltools.gnu-tools-for-stm32.14.3.rel1.win32_1.0.100.202602081740/tools/bin/../lib/gcc/arm-none-eabi/14.3.1/../../../../arm-none-eabi/lib/thumb/v7-m/nofp\libc_nano.a(libc_a-findfp.o) (_fwalk_sglue)
D:/STM32CubeIDE/STM32CubeIDE_2.1.1/STM32CubeIDE/plugins/com.st.stm32cube.ide.mcu.externaltools.gnu-tools-for-stm32.14.3.rel1.win32_1.0.100.202602081740/tools/bin/../lib/gcc/arm-none-eabi/14.3.1/../../../../arm-none-eabi/lib/thumb/v7-m/nofp\libc_nano.a(libc_a-stdio.o)
                              D:/STM32CubeIDE/STM32CubeIDE_2.1.1/STM32CubeIDE/plugins/com.st.stm32cube.ide.mcu.externaltools.gnu-tools-for-stm32.14.3.rel1.win32_1.0.100.202602081740/tools/bin/../lib/gcc/arm-none-eabi/14.3.1/../../../../arm-none-eabi/lib/thumb/v7-m/nofp\libc_nano.a(libc_a-findfp.o) (__sread)
D:/STM32CubeIDE/STM32CubeIDE_2.1.1/STM32CubeIDE/plugins/com.st.stm32cube.ide.mcu.externaltools.gnu-tools-for-stm32.14.3.rel1.win32_1.0.100.202602081740/tools/bin/../lib/gcc/arm-none-eabi/14.3.1/../../../../arm-none-eabi/lib/thumb/v7-m/nofp\libc_nano.a(libc_a-memset.o)
                              D:/STM32CubeIDE/STM32CubeIDE_2.1.1/STM32CubeIDE/plugins/com.st.stm32cube.ide.mcu.externaltools.gnu-tools-for-stm32.14.3.rel1.win32_1.0.100.202602081740/tools/bin/../lib/gcc/arm-none-eabi/14.3.1/../../../../arm-none-eabi/lib/thumb/v7-m/nofp/crt0.o (memset)
D:/STM32CubeIDE/STM32CubeIDE_2.1.1/STM32CubeIDE/plugins/com.st.stm32cube.ide.mcu.externaltools.gnu-tools-for-stm32.14.3.rel1.win32_1.0.100.202602081740/tools/bin/../lib/gcc/arm-none-eabi/14.3.1/../../../../arm-none-eabi/lib/thumb/v7-m/nofp\libc_nano.a(libc_a-closer.o)
                              D:/STM32CubeIDE/STM32CubeIDE_2.1.1/STM32CubeIDE/plugins/com.st.stm32cube.ide.mcu.externaltools.gnu-tools-for-stm32.14.3.rel1.win32_1.0.100.202602081740/tools/bin/../lib/gcc/arm-none-eabi/14.3.1/../../../../arm-none-eabi/lib/thumb/v7-m/nofp\libc_nano.a(libc_a-stdio.o) (_close_r)
D:/STM32CubeIDE/STM32CubeIDE_2.1.1/STM32CubeIDE/plugins/com.st.stm32cube.ide.mcu.externaltools.gnu-tools-for-stm32.14.3.rel1.win32_1.0.100.202602081740/tools/bin/../lib/gcc/arm-none-eabi/14.3.1/../../../../arm-none-eabi/lib/thumb/v7-m/nofp\libc_nano.a(libc_a-reent.o)
                              ./Middlewares/Third_Party/FreeRTOS/Source/tasks.o (_reclaim_reent)
D:/STM32CubeIDE/STM32CubeIDE_2.1.1/STM32CubeIDE/plugins/com.st.stm32cube.ide.mcu.externaltools.gnu-tools-for-stm32.14.3.rel1.win32_1.0.100.202602081740/tools/bin/../lib/gcc/arm-none-eabi/14.3.1/../../../../arm-none-eabi/lib/thumb/v7-m/nofp\libc_nano.a(libc_a-impure.o)
                              ./Middlewares/Third_Party/FreeRTOS/Source/tasks.o (_impure_ptr)
D:/STM32CubeIDE/STM32CubeIDE_2.1.1/STM32CubeIDE/plugins/com.st.stm32cube.ide.mcu.externaltools.gnu-tools-for-stm32.14.3.rel1.win32_1.0.100.202602081740/tools/bin/../lib/gcc/arm-none-eabi/14.3.1/../../../../arm-none-eabi/lib/thumb/v7-m/nofp\libc_nano.a(libc_a-lseekr.o)
                              D:/STM32CubeIDE/STM32CubeIDE_2.1.1/STM32CubeIDE/plugins/com.st.stm32cube.ide.mcu.externaltools.gnu-tools-for-stm32.14.3.rel1.win32_1.0.100.202602081740/tools/bin/../lib/gcc/arm-none-eabi/14.3.1/../../../../arm-none-eabi/lib/thumb/v7-m/nofp\libc_nano.a(libc_a-stdio.o) (_lseek_r)
D:/STM32CubeIDE/STM32CubeIDE_2.1.1/STM32CubeIDE/plugins/com.st.stm32cube.ide.mcu.externaltools.gnu-tools-for-stm32.14.3.rel1.win32_1.0.100.202602081740/tools/bin/../lib/gcc/arm-none-eabi/14.3.1/../../../../arm-none-eabi/lib/thumb/v7-m/nofp\libc_nano.a(libc_a-readr.o)
[...]
Memory Configuration

Name             Origin             Length             Attributes
RAM              0x20000000         0x00005000         xrw
FLASH            0x08000000         0x00010000         xr
*default*        0x00000000         0xffffffff

Linker script and memory map

LOAD D:/STM32CubeIDE/STM32CubeIDE_2.1.1/STM32CubeIDE/plugins/com.st.stm32cube.ide.mcu.externaltools.gnu-tools-for-stm32.14.3.rel1.win32_1.0.100.202602081740/tools/bin/../lib/gcc/arm-none-eabi/14.3.1/thumb/v7-m/nofp/crti.o
LOAD D:/STM32CubeIDE/STM32CubeIDE_2.1.1/STM32CubeIDE/plugins/com.st.stm32cube.ide.mcu.externaltools.gnu-tools-for-stm32.14.3.rel1.win32_1.0.100.202602081740/tools/bin/../lib/gcc/arm-none-eabi/14.3.1/thumb/v7-m/nofp/crtbegin.o
LOAD D:/STM32CubeIDE/STM32CubeIDE_2.1.1/STM32CubeIDE/plugins/com.st.stm32cube.ide.mcu.externaltools.gnu-tools-for-stm32.14.3.rel1.win32_1.0.100.202602081740/tools/bin/../lib/gcc/arm-none-eabi/14.3.1/../../../../arm-none-eabi/lib/thumb/v7-m/nofp/crt0.o
LOAD ./Core/Src/adc.o
LOAD ./Core/Src/dma.o
LOAD ./Core/Src/freertos.o
LOAD ./Core/Src/gpio.o
LOAD ./Core/Src/i2c.o
LOAD ./Core/Src/main.o
LOAD ./Core/Src/rtc.o
LOAD ./Core/Src/stm32f1xx_hal_msp.o
LOAD ./Core/Src/stm32f1xx_hal_timebase_tim.o
LOAD ./Core/Src/stm32f1xx_it.o
LOAD ./Core/Src/syscalls.o
LOAD ./Core/Src/sysmem.o
LOAD ./Core/Src/system_stm32f1xx.o
LOAD ./Core/Src/tim.o
LOAD ./Core/Src/usart.o
LOAD ./Core/Startup/startup_stm32f103c8tx.o
LOAD ./Drivers/STM32F1xx_HAL_Driver/Src/stm32f1xx_hal.o
LOAD ./Drivers/STM32F1xx_HAL_Driver/Src/stm32f1xx_hal_adc.o
LOAD ./Drivers/STM32F1xx_HAL_Driver/Src/stm32f1xx_hal_adc_ex.o
LOAD ./Drivers/STM32F1xx_HAL_Driver/Src/stm32f1xx_hal_cortex.o
LOAD ./Drivers/STM32F1xx_HAL_Driver/Src/stm32f1xx_hal_dma.o
LOAD ./Drivers/STM32F1xx_HAL_Driver/Src/stm32f1xx_hal_exti.o
LOAD ./Drivers/STM32F1xx_HAL_Driver/Src/stm32f1xx_hal_flash.o
LOAD ./Drivers/STM32F1xx_HAL_Driver/Src/stm32f1xx_hal_flash_ex.o
LOAD ./Drivers/STM32F1xx_HAL_Driver/Src/stm32f1xx_hal_gpio.o
LOAD ./Drivers/STM32F1xx_HAL_Driver/Src/stm32f1xx_hal_gpio_ex.o
LOAD ./Drivers/STM32F1xx_HAL_Driver/Src/stm32f1xx_hal_i2c.o
LOAD ./Drivers/STM32F1xx_HAL_Driver/Src/stm32f1xx_hal_pwr.o
LOAD ./Drivers/STM32F1xx_HAL_Driver/Src/stm32f1xx_hal_rcc.o
LOAD ./Drivers/STM32F1xx_HAL_Driver/Src/stm32f1xx_hal_rcc_ex.o
LOAD ./Drivers/STM32F1xx_HAL_Driver/Src/stm32f1xx_hal_rtc.o
LOAD ./Drivers/STM32F1xx_HAL_Driver/Src/stm32f1xx_hal_rtc_ex.o
LOAD ./Drivers/STM32F1xx_HAL_Driver/Src/stm32f1xx_hal_tim.o
LOAD ./Drivers/STM32F1xx_HAL_Driver/Src/stm32f1xx_hal_tim_ex.o
LOAD ./Drivers/STM32F1xx_HAL_Driver/Src/stm32f1xx_hal_uart.o
LOAD ./Middlewares/Third_Party/FreeRTOS/Source/CMSIS_RTOS_V2/cmsis_os2.o
LOAD ./Middlewares/Third_Party/FreeRTOS/Source/croutine.o
LOAD ./Middlewares/Third_Party/FreeRTOS/Source/event_groups.o
LOAD ./Middlewares/Third_Party/FreeRTOS/Source/list.o
LOAD ./Middlewares/Third_Party/FreeRTOS/Source/queue.o
LOAD ./Middlewares/Third_Party/FreeRTOS/Source/stream_buffer.o
LOAD ./Middlewares/Third_Party/FreeRTOS/Source/tasks.o
LOAD ./Middlewares/Third_Party/FreeRTOS/Source/timers.o
LOAD ./Middlewares/Third_Party/FreeRTOS/Source/portable/GCC/ARM_CM3/port.o
LOAD ./Middlewares/Third_Party/FreeRTOS/Source/portable/MemMang/heap_4.o
START GROUP
LOAD D:/STM32CubeIDE/STM32CubeIDE_2.1.1/STM32CubeIDE/plugins/com.st.stm32cube.ide.mcu.externaltools.gnu-tools-for-stm32.14.3.rel1.win32_1.0.100.202602081740/tools/bin/../lib/gcc/arm-none-eabi/14.3.1/../../../../arm-none-eabi/lib/thumb/v7-m/nofp\libc_nano.a
LOAD D:/STM32CubeIDE/STM32CubeIDE_2.1.1/STM32CubeIDE/plugins/com.st.stm32cube.ide.mcu.externaltools.gnu-tools-for-stm32.14.3.rel1.win32_1.0.100.202602081740/tools/bin/../lib/gcc/arm-none-eabi/14.3.1/../../../../arm-none-eabi/lib/thumb/v7-m/nofp\libm.a
END GROUP
START GROUP
LOAD D:/STM32CubeIDE/STM32CubeIDE_2.1.1/STM32CubeIDE/plugins/com.st.stm32cube.ide.mcu.externaltools.gnu-tools-for-stm32.14.3.rel1.win32_1.0.100.202602081740/tools/bin/../lib/gcc/arm-none-eabi/14.3.1/thumb/v7-m/nofp\libgcc.a
LOAD D:/STM32CubeIDE/STM32CubeIDE_2.1.1/STM32CubeIDE/plugins/com.st.stm32cube.ide.mcu.externaltools.gnu-tools-for-stm32.14.3.rel1.win32_1.0.100.202602081740/tools/bin/../lib/gcc/arm-none-eabi/14.3.1/../../../../arm-none-eabi/lib/thumb/v7-m/nofp\libc_nano.a
END GROUP
START GROUP
LOAD D:/STM32CubeIDE/STM32CubeIDE_2.1.1/STM32CubeIDE/plugins/com.st.stm32cube.ide.mcu.externaltools.gnu-tools-for-stm32.14.3.rel1.win32_1.0.100.202602081740/tools/bin/../lib/gcc/arm-none-eabi/14.3.1/thumb/v7-m/nofp\libgcc.a
LOAD D:/STM32CubeIDE/STM32CubeIDE_2.1.1/STM32CubeIDE/plugins/com.st.stm32cube.ide.mcu.externaltools.gnu-tools-for-stm32.14.3.rel1.win32_1.0.100.202602081740/tools/bin/../lib/gcc/arm-none-eabi/14.3.1/../../../../arm-none-eabi/lib/thumb/v7-m/nofp\libc_nano.a
LOAD D:/STM32CubeIDE/STM32CubeIDE_2.1.1/STM32CubeIDE/plugins/com.st.stm32cube.ide.mcu.externaltools.gnu-tools-for-stm32.14.3.rel1.win32_1.0.100.202602081740/tools/bin/../lib/gcc/arm-none-eabi/14.3.1/../../../../arm-none-eabi/lib/thumb/v7-m/nofp\libnosys.a
END GROUP
START GROUP
LOAD D:/STM32CubeIDE/STM32CubeIDE_2.1.1/STM32CubeIDE/plugins/com.st.stm32cube.ide.mcu.externaltools.gnu-tools-for-stm32.14.3.rel1.win32_1.0.100.202602081740/tools/bin/../lib/gcc/arm-none-eabi/14.3.1/thumb/v7-m/nofp\libgcc.a
LOAD D:/STM32CubeIDE/STM32CubeIDE_2.1.1/STM32CubeIDE/plugins/com.st.stm32cube.ide.mcu.externaltools.gnu-tools-for-stm32.14.3.rel1.win32_1.0.100.202602081740/tools/bin/../lib/gcc/arm-none-eabi/14.3.1/../../../../arm-none-eabi/lib/thumb/v7-m/nofp\libc_nano.a
LOAD D:/STM32CubeIDE/STM32CubeIDE_2.1.1/STM32CubeIDE/plugins/com.st.stm32cube.ide.mcu.externaltools.gnu-tools-for-stm32.14.3.rel1.win32_1.0.100.202602081740/tools/bin/../lib/gcc/arm-none-eabi/14.3.1/../../../../arm-none-eabi/lib/thumb/v7-m/nofp\libnosys.a
END GROUP
LOAD D:/STM32CubeIDE/STM32CubeIDE_2.1.1/STM32CubeIDE/plugins/com.st.stm32cube.ide.mcu.externaltools.gnu-tools-for-stm32.14.3.rel1.win32_1.0.100.202602081740/tools/bin/../lib/gcc/arm-none-eabi/14.3.1/thumb/v7-m/nofp/crtend.o
LOAD D:/STM32CubeIDE/STM32CubeIDE_2.1.1/STM32CubeIDE/plugins/com.st.stm32cube.ide.mcu.externaltools.gnu-tools-for-stm32.14.3.rel1.win32_1.0.100.202602081740/tools/bin/../lib/gcc/arm-none-eabi/14.3.1/thumb/v7-m/nofp/crtn.o
                0x20005000                        _estack = (ORIGIN (RAM) + LENGTH (RAM))
                0x00000200                        _Min_Heap_Size = 0x200
                0x00000400                        _Min_Stack_Size = 0x400

.isr_vector     0x08000000      0x10c
                0x08000000                        . = ALIGN (0x4)
 *(.isr_vector)
 .isr_vector    0x08000000      0x10c ./Core/Startup/startup_stm32f103c8tx.o
                0x08000000                g_pfnVectors
                0x0800010c                        . = ALIGN (0x4)

.text           0x08000110     0x6bac
                0x08000110                        . = ALIGN (0x4)
 *(.text)
 .text          0x08000110       0x40 D:/STM32CubeIDE/STM32CubeIDE_2.1.1/STM32CubeIDE/plugins/com.st.stm32cube.ide.mcu.externaltools.gnu-tools-for-stm32.14.3.rel1.win32_1.0.100.202602081740/tools/bin/../lib/gcc/arm-none-eabi/14.3.1/thumb/v7-m/nofp/crtbegin.o
 *(.text*)
 .text.MX_ADC1_Init
                0x08000150       0x7c ./Core/Src/adc.o
                0x08000150                MX_ADC1_Init
 .text.HAL_ADC_MspInit
                0x080001cc       0xd0 ./Core/Src/adc.o
                0x080001cc                HAL_ADC_MspInit
 .text.MX_DMA_Init
                0x0800029c       0x5c ./Core/Src/dma.o
                0x0800029c                MX_DMA_Init
 .text.vApplicationStackOverflowHook
                0x080002f8       0x14 ./Core/Src/freertos.o
                0x080002f8                vApplicationStackOverflowHook
 .text.MX_FREERTOS_Init
                0x0800030c       0x24 ./Core/Src/freertos.o
                0x0800030c                MX_FREERTOS_Init
 .text.StartDefaultTask
                0x08000330       0x20 ./Core/Src/freertos.o
                0x08000330                StartDefaultTask
 .text.MX_GPIO_Init
                0x08000350      0x1c4 ./Core/Src/gpio.o
                0x08000350                MX_GPIO_Init
 .text.MX_I2C1_Init
                0x08000514       0x5c ./Core/Src/i2c.o
                0x08000514                MX_I2C1_Init
 .text.HAL_I2C_MspInit
                0x08000570       0xa0 ./Core/Src/i2c.o
                0x08000570                HAL_I2C_MspInit
 .text.main     0x08000610       0x44 ./Core/Src/main.o
                0x08000610                main
 .text.SystemClock_Config
                0x08000654       0xc0 ./Core/Src/main.o
                0x08000654                SystemClock_Config
 .text.HAL_TIM_PeriodElapsedCallback
                0x08000714       0x24 ./Core/Src/main.o
                0x08000714                HAL_TIM_PeriodElapsedCallback
 .text.Error_Handler
                0x08000738        0xc ./Core/Src/main.o
                0x08000738                Error_Handler
 .text.MX_RTC_Init
                0x08000744       0x38 ./Core/Src/rtc.o
                0x08000744                MX_RTC_Init
 .text.HAL_RTC_MspInit
                0x0800077c       0x48 ./Core/Src/rtc.o
                0x0800077c                HAL_RTC_MspInit
 .text.HAL_MspInit
                0x080007c4       0x70 ./Core/Src/stm32f1xx_hal_msp.o
                0x080007c4                HAL_MspInit
 .text.HAL_InitTick
                0x08000834       0xfc ./Core/Src/stm32f1xx_hal_timebase_tim.o
                0x08000834                HAL_InitTick
 .text.NMI_Handler
                0x08000930        0x8 ./Core/Src/stm32f1xx_it.o
                0x08000930                NMI_Handler
 .text.HardFault_Handler
                0x08000938        0x8 ./Core/Src/stm32f1xx_it.o
                0x08000938                HardFault_Handler
 .text.MemManage_Handler
                0x08000940        0x8 ./Core/Src/stm32f1xx_it.o
                0x08000940                MemManage_Handler
 .text.BusFault_Handler
                0x08000948        0x8 ./Core/Src/stm32f1xx_it.o
                0x08000948                BusFault_Handler
 .text.UsageFault_Handler
                0x08000950        0x8 ./Core/Src/stm32f1xx_it.o
                0x08000950                UsageFault_Handler
 .text.DebugMon_Handler
                0x08000958        0xc ./Core/Src/stm32f1xx_it.o
                0x08000958                DebugMon_Handler
 .text.DMA1_Channel1_IRQHandler
                0x08000964       0x14 ./Core/Src/stm32f1xx_it.o
                0x08000964                DMA1_Channel1_IRQHandler
 .text.DMA1_Channel5_IRQHandler
                0x08000978       0x14 ./Core/Src/stm32f1xx_it.o
                0x08000978                DMA1_Channel5_IRQHandler
 .text.DMA1_Channel6_IRQHandler
                0x0800098c       0x14 ./Core/Src/stm32f1xx_it.o
                0x0800098c                DMA1_Channel6_IRQHandler
 .text.TIM2_IRQHandler
                0x080009a0       0x14 ./Core/Src/stm32f1xx_it.o
                0x080009a0                TIM2_IRQHandler
 .text.TIM3_IRQHandler
                0x080009b4       0x14 ./Core/Src/stm32f1xx_it.o
                0x080009b4                TIM3_IRQHandler
 .text.TIM4_IRQHandler
                0x080009c8       0x14 ./Core/Src/stm32f1xx_it.o
                0x080009c8                TIM4_IRQHandler
 .text.USART1_IRQHandler
                0x080009dc       0x14 ./Core/Src/stm32f1xx_it.o
                0x080009dc                USART1_IRQHandler
 .text.USART2_IRQHandler
                0x080009f0       0x14 ./Core/Src/stm32f1xx_it.o
                0x080009f0                USART2_IRQHandler
 .text.USART3_IRQHandler
                0x08000a04       0x14 ./Core/Src/stm32f1xx_it.o
                0x08000a04                USART3_IRQHandler
 .text.SystemInit
                0x08000a18        0xc ./Core/Src/system_stm32f1xx.o
                0x08000a18                SystemInit
 .text.MX_TIM2_Init
                0x08000a24       0x98 ./Core/Src/tim.o
                0x08000a24                MX_TIM2_Init
 .text.MX_TIM3_Init
                0x08000abc       0x9c ./Core/Src/tim.o
                0x08000abc                MX_TIM3_Init
 .text.HAL_TIM_Base_MspInit
                0x08000b58       0x80 ./Core/Src/tim.o
                0x08000b58                HAL_TIM_Base_MspInit
 .text.MX_USART1_UART_Init
                0x08000bd8       0x54 ./Core/Src/usart.o
                0x08000bd8                MX_USART1_UART_Init
 .text.MX_USART2_UART_Init
                0x08000c2c       0x54 ./Core/Src/usart.o
                0x08000c2c                MX_USART2_UART_Init
 .text.MX_USART3_UART_Init
                0x08000c80       0x54 ./Core/Src/usart.o
                0x08000c80                MX_USART3_UART_Init
 .text.HAL_UART_MspInit
                0x08000cd4      0x258 ./Core/Src/usart.o
                0x08000cd4                HAL_UART_MspInit
 .text.Reset_Handler
                0x08000f2c       0x48 ./Core/Startup/startup_stm32f103c8tx.o
                0x08000f2c                Reset_Handler
 .text.Default_Handler
                0x08000f74        0x2 ./Core/Startup/startup_stm32f103c8tx.o
                0x08000f74                RTC_Alarm_IRQHandler
                0x08000f74                EXTI2_IRQHandler
                0x08000f74                TIM1_CC_IRQHandler
                0x08000f74                PVD_IRQHandler
                0x08000f74                EXTI3_IRQHandler
                0x08000f74                EXTI0_IRQHandler
                0x08000f74                I2C2_EV_IRQHandler
                0x08000f74                ADC1_2_IRQHandler
                0x08000f74                SPI1_IRQHandler
                0x08000f74                TAMPER_IRQHandler
                0x08000f74                DMA1_Channel4_IRQHandler
                0x08000f74                RTC_IRQHandler
                0x08000f74                DMA1_Channel7_IRQHandler
                0x08000f74                CAN1_RX1_IRQHandler
                0x08000f74                I2C1_EV_IRQHandler
                0x08000f74                RCC_IRQHandler
                0x08000f74                TIM1_TRG_COM_IRQHandler
                0x08000f74                Default_Handler
                0x08000f74                EXTI15_10_IRQHandler
                0x08000f74                EXTI9_5_IRQHandler
                0x08000f74                SPI2_IRQHandler
                0x08000f74                EXTI4_IRQHandler
                0x08000f74                USB_LP_CAN1_RX0_IRQHandler
                0x08000f74                USB_HP_CAN1_TX_IRQHandler
                0x08000f74                DMA1_Channel3_IRQHandler
                0x08000f74                TIM1_UP_IRQHandler
                0x08000f74                WWDG_IRQHandler
                0x08000f74                TIM1_BRK_IRQHandler
                0x08000f74                EXTI1_IRQHandler
                0x08000f74                I2C2_ER_IRQHandler
                0x08000f74                DMA1_Channel2_IRQHandler
                0x08000f74                CAN1_SCE_IRQHandler
                0x08000f74                FLASH_IRQHandler
                0x08000f74                I2C1_ER_IRQHandler
                0x08000f74                USBWakeUp_IRQHandler
 *fill*         0x08000f76        0x2 
 .text.HAL_Init
                0x08000f78       0x2c ./Drivers/STM32F1xx_HAL_Driver/Src/stm32f1xx_hal.o
                0x08000f78                HAL_Init
 .text.HAL_IncTick
                0x08000fa4       0x24 ./Drivers/STM32F1xx_HAL_Driver/Src/stm32f1xx_hal.o
                0x08000fa4                HAL_IncTick
 .text.HAL_GetTick
                0x08000fc8       0x14 ./Drivers/STM32F1xx_HAL_Driver/Src/stm32f1xx_hal.o
                0x08000fc8                HAL_GetTick
 .text.HAL_ADC_Init
                0x08000fdc      0x1b0 ./Drivers/STM32F1xx_HAL_Driver/Src/stm32f1xx_hal_adc.o
                0x08000fdc                HAL_ADC_Init
 .text.HAL_ADC_ConfigChannel
                0x0800118c      0x1f0 ./Drivers/STM32F1xx_HAL_Driver/Src/stm32f1xx_hal_adc.o
                0x0800118c                HAL_ADC_ConfigChannel
 .text.ADC_ConversionStop_Disable
                0x0800137c       0x82 ./Drivers/STM32F1xx_HAL_Driver/Src/stm32f1xx_hal_adc.o
                0x0800137c                ADC_ConversionStop_Disable
 *fill*         0x080013fe        0x2 
 .text.__NVIC_SetPriorityGrouping
                0x08001400       0x48 ./Drivers/STM32F1xx_HAL_Driver/Src/stm32f1xx_hal_cortex.o
 .text.__NVIC_GetPriorityGrouping
                0x08001448       0x1c ./Drivers/STM32F1xx_HAL_Driver/Src/stm32f1xx_hal_cortex.o
 .text.__NVIC_EnableIRQ
                0x08001464       0x38 ./Drivers/STM32F1xx_HAL_Driver/Src/stm32f1xx_hal_cortex.o
 .text.__NVIC_SetPriority
                0x0800149c       0x54 ./Drivers/STM32F1xx_HAL_Driver/Src/stm32f1xx_hal_cortex.o
 .text.NVIC_EncodePriority
                0x080014f0       0x64 ./Drivers/STM32F1xx_HAL_Driver/Src/stm32f1xx_hal_cortex.o
 .text.HAL_NVIC_SetPriorityGrouping
                0x08001554       0x16 ./Drivers/STM32F1xx_HAL_Driver/Src/stm32f1xx_hal_cortex.o
                0x08001554                HAL_NVIC_SetPriorityGrouping
 .text.HAL_NVIC_SetPriority
                0x0800156a       0x38 ./Drivers/STM32F1xx_HAL_Driver/Src/stm32f1xx_hal_cortex.o
                0x0800156a                HAL_NVIC_SetPriority
 .text.HAL_NVIC_EnableIRQ
                0x080015a2       0x1c ./Drivers/STM32F1xx_HAL_Driver/Src/stm32f1xx_hal_cortex.o
                0x080015a2                HAL_NVIC_EnableIRQ
 *fill*         0x080015be        0x2 
 .text.HAL_DMA_Init
                0x080015c0       0xb4 ./Drivers/STM32F1xx_HAL_Driver/Src/stm32f1xx_hal_dma.o
                0x080015c0                HAL_DMA_Init
 .text.HAL_DMA_Abort
                0x08001674       0x76 ./Drivers/STM32F1xx_HAL_Driver/Src/stm32f1xx_hal_dma.o
                0x08001674                HAL_DMA_Abort
 *fill*         0x080016ea        0x2 
 .text.HAL_DMA_Abort_IT
                0x080016ec       0xf0 ./Drivers/STM32F1xx_HAL_Driver/Src/stm32f1xx_hal_dma.o
                0x080016ec                HAL_DMA_Abort_IT
 .text.HAL_DMA_IRQHandler
                0x080017dc      0x20c ./Drivers/STM32F1xx_HAL_Driver/Src/stm32f1xx_hal_dma.o
                0x080017dc                HAL_DMA_IRQHandler
 .text.HAL_GPIO_Init
                0x080019e8      0x308 ./Drivers/STM32F1xx_HAL_Driver/Src/stm32f1xx_hal_gpio.o
                0x080019e8                HAL_GPIO_Init
 .text.HAL_GPIO_WritePin
                0x08001cf0       0x30 ./Drivers/STM32F1xx_HAL_Driver/Src/stm32f1xx_hal_gpio.o
                0x08001cf0                HAL_GPIO_WritePin
 .text.HAL_GPIO_TogglePin
                0x08001d20       0x32 ./Drivers/STM32F1xx_HAL_Driver/Src/stm32f1xx_hal_gpio.o
                0x08001d20                HAL_GPIO_TogglePin
 *fill*         0x08001d52        0x2 
 .text.HAL_I2C_Init
                0x08001d54      0x288 ./Drivers/STM32F1xx_HAL_Driver/Src/stm32f1xx_hal_i2c.o
                0x08001d54                HAL_I2C_Init
 .text.HAL_PWR_EnableBkUpAccess
                0x08001fdc       0x18 ./Drivers/STM32F1xx_HAL_Driver/Src/stm32f1xx_hal_pwr.o
                0x08001fdc                HAL_PWR_EnableBkUpAccess
 .text.HAL_RCC_OscConfig
                0x08001ff4      0x504 ./Drivers/STM32F1xx_HAL_Driver/Src/stm32f1xx_hal_rcc.o
                0x08001ff4                HAL_RCC_OscConfig
 .text.HAL_RCC_ClockConfig
                0x080024f8      0x1d4 ./Drivers/STM32F1xx_HAL_Driver/Src/stm32f1xx_hal_rcc.o
                0x080024f8                HAL_RCC_ClockConfig
 .text.HAL_RCC_GetSysClockFreq
                0x080026cc       0xa8 ./Drivers/STM32F1xx_HAL_Driver/Src/stm32f1xx_hal_rcc.o
                0x080026cc                HAL_RCC_GetSysClockFreq
 .text.HAL_RCC_GetHCLKFreq
                0x08002774       0x14 ./Drivers/STM32F1xx_HAL_Driver/Src/stm32f1xx_hal_rcc.o
                0x08002774                HAL_RCC_GetHCLKFreq
 .text.HAL_RCC_GetPCLK1Freq
                0x08002788       0x28 ./Drivers/STM32F1xx_HAL_Driver/Src/stm32f1xx_hal_rcc.o
                0x08002788                HAL_RCC_GetPCLK1Freq
 .text.HAL_RCC_GetPCLK2Freq
                0x080027b0       0x28 ./Drivers/STM32F1xx_HAL_Driver/Src/stm32f1xx_hal_rcc.o
                0x080027b0                HAL_RCC_GetPCLK2Freq
 .text.HAL_RCC_GetClockConfig
                0x080027d8       0x60 ./Drivers/STM32F1xx_HAL_Driver/Src/stm32f1xx_hal_rcc.o
                0x080027d8                HAL_RCC_GetClockConfig
 .text.RCC_Delay
                0x08002838       0x3c ./Drivers/STM32F1xx_HAL_Driver/Src/stm32f1xx_hal_rcc.o
 .text.HAL_RCCEx_PeriphCLKConfig
                0x08002874      0x16c ./Drivers/STM32F1xx_HAL_Driver/Src/stm32f1xx_hal_rcc_ex.o
                0x08002874                HAL_RCCEx_PeriphCLKConfig
 .text.HAL_RCCEx_GetPeriphCLKFreq
                0x080029e0      0x16c ./Drivers/STM32F1xx_HAL_Driver/Src/stm32f1xx_hal_rcc_ex.o
                0x080029e0                HAL_RCCEx_GetPeriphCLKFreq
 .text.HAL_RTC_Init
                0x08002b4c      0x118 ./Drivers/STM32F1xx_HAL_Driver/Src/stm32f1xx_hal_rtc.o
                0x08002b4c                HAL_RTC_Init
 .text.HAL_RTC_WaitForSynchro
                0x08002c64       0x5a ./Drivers/STM32F1xx_HAL_Driver/Src/stm32f1xx_hal_rtc.o
                0x08002c64                HAL_RTC_WaitForSynchro
 .text.RTC_EnterInitMode
                0x08002cbe       0x50 ./Drivers/STM32F1xx_HAL_Driver/Src/stm32f1xx_hal_rtc.o
 .text.RTC_ExitInitMode
                0x08002d0e       0x50 ./Drivers/STM32F1xx_HAL_Driver/Src/stm32f1xx_hal_rtc.o
 .text.HAL_TIM_Base_Init
                0x08002d5e       0x9e ./Drivers/STM32F1xx_HAL_Driver/Src/stm32f1xx_hal_tim.o
                0x08002d5e                HAL_TIM_Base_Init
 .text.HAL_TIM_Base_Start_IT
                0x08002dfc       0xa4 ./Drivers/STM32F1xx_HAL_Driver/Src/stm32f1xx_hal_tim.o
                0x08002dfc                HAL_TIM_Base_Start_IT
 .text.HAL_TIM_IRQHandler
                0x08002ea0      0x1e0 ./Drivers/STM32F1xx_HAL_Driver/Src/stm32f1xx_hal_tim.o
                0x08002ea0                HAL_TIM_IRQHandler
 .text.HAL_TIM_ConfigClockSource
                0x08003080      0x18e ./Drivers/STM32F1xx_HAL_Driver/Src/stm32f1xx_hal_tim.o
                0x08003080                HAL_TIM_ConfigClockSource
 .text.HAL_TIM_OC_DelayElapsedCallback
                0x0800320e       0x12 ./Drivers/STM32F1xx_HAL_Driver/Src/stm32f1xx_hal_tim.o
                0x0800320e                HAL_TIM_OC_DelayElapsedCallback
 .text.HAL_TIM_IC_CaptureCallback
                0x08003220       0x12 ./Drivers/STM32F1xx_HAL_Driver/Src/stm32f1xx_hal_tim.o
                0x08003220                HAL_TIM_IC_CaptureCallback
 .text.HAL_TIM_PWM_PulseFinishedCallback
                0x08003232       0x12 ./Drivers/STM32F1xx_HAL_Driver/Src/stm32f1xx_hal_tim.o
                0x08003232                HAL_TIM_PWM_PulseFinishedCallback
 .text.HAL_TIM_TriggerCallback
                0x08003244       0x12 ./Drivers/STM32F1xx_HAL_Driver/Src/stm32f1xx_hal_tim.o
                0x08003244                HAL_TIM_TriggerCallback
 *fill*         0x08003256        0x2 
 .text.TIM_Base_SetConfig
                0x08003258       0xdc ./Drivers/STM32F1xx_HAL_Driver/Src/stm32f1xx_hal_tim.o
                0x08003258                TIM_Base_SetConfig
 .text.TIM_TI1_ConfigInputStage
                0x08003334       0x5c ./Drivers/STM32F1xx_HAL_Driver/Src/stm32f1xx_hal_tim.o
 .text.TIM_TI2_ConfigInputStage
                0x08003390       0x5e ./Drivers/STM32F1xx_HAL_Driver/Src/stm32f1xx_hal_tim.o
 .text.TIM_ITRx_SetConfig
                0x080033ee       0x34 ./Drivers/STM32F1xx_HAL_Driver/Src/stm32f1xx_hal_tim.o
 .text.TIM_ETR_SetConfig
                0x08003422       0x3e ./Drivers/STM32F1xx_HAL_Driver/Src/stm32f1xx_hal_tim.o
                0x08003422                TIM_ETR_SetConfig
 .text.HAL_TIMEx_MasterConfigSynchronization
                0x08003460       0xbc ./Drivers/STM32F1xx_HAL_Driver/Src/stm32f1xx_hal_tim_ex.o
                0x08003460                HAL_TIMEx_MasterConfigSynchronization
 .text.HAL_TIMEx_CommutCallback
                0x0800351c       0x12 ./Drivers/STM32F1xx_HAL_Driver/Src/stm32f1xx_hal_tim_ex.o
                0x0800351c                HAL_TIMEx_CommutCallback
 .text.HAL_TIMEx_BreakCallback
                0x0800352e       0x12 ./Drivers/STM32F1xx_HAL_Driver/Src/stm32f1xx_hal_tim_ex.o
                0x0800352e                HAL_TIMEx_BreakCallback
 .text.HAL_UART_Init
                0x08003540       0xa0 ./Drivers/STM32F1xx_HAL_Driver/Src/stm32f1xx_hal_uart.o
                0x08003540                HAL_UART_Init
 .text.HAL_UART_IRQHandler
                0x080035e0      0x524 ./Drivers/STM32F1xx_HAL_Driver/Src/stm32f1xx_hal_uart.o
                0x080035e0                HAL_UART_IRQHandler
 .text.HAL_UART_TxCpltCallback
                0x08003b04       0x12 ./Drivers/STM32F1xx_HAL_Driver/Src/stm32f1xx_hal_uart.o
                0x08003b04                HAL_UART_TxCpltCallback
 .text.HAL_UART_RxCpltCallback
                0x08003b16       0x12 ./Drivers/STM32F1xx_HAL_Driver/Src/stm32f1xx_hal_uart.o
                0x08003b16                HAL_UART_RxCpltCallback
 .text.HAL_UART_ErrorCallback
                0x08003b28       0x12 ./Drivers/STM32F1xx_HAL_Driver/Src/stm32f1xx_hal_uart.o
                0x08003b28                HAL_UART_ErrorCallback
 .text.HAL_UARTEx_RxEventCallback
                0x08003b3a       0x16 ./Drivers/STM32F1xx_HAL_Driver/Src/stm32f1xx_hal_uart.o
                0x08003b3a                HAL_UARTEx_RxEventCallback
 .text.UART_EndRxTransfer
                0x08003b50       0xc4 ./Drivers/STM32F1xx_HAL_Driver/Src/stm32f1xx_hal_uart.o
 .text.UART_DMAAbortOnError
                0x08003c14       0x28 ./Drivers/STM32F1xx_HAL_Driver/Src/stm32f1xx_hal_uart.o
 .text.UART_Transmit_IT
                0x08003c3c       0x9e ./Drivers/STM32F1xx_HAL_Driver/Src/stm32f1xx_hal_uart.o
 .text.UART_EndTransmit_IT
                0x08003cda       0x30 ./Drivers/STM32F1xx_HAL_Driver/Src/stm32f1xx_hal_uart.o
 .text.UART_Receive_IT
                0x08003d0a      0x17c ./Drivers/STM32F1xx_HAL_Driver/Src/stm32f1xx_hal_uart.o
 *fill*         0x08003e86        0x2 
 .text.UART_SetConfig
                0x08003e88      0x11c ./Drivers/STM32F1xx_HAL_Driver/Src/stm32f1xx_hal_uart.o
 .text.__NVIC_SetPriority
                0x08003fa4       0x54 ./Middlewares/Third_Party/FreeRTOS/Source/CMSIS_RTOS_V2/cmsis_os2.o
 .text.SysTick_Handler
                0x08003ff8       0x20 ./Middlewares/Third_Party/FreeRTOS/Source/CMSIS_RTOS_V2/cmsis_os2.o
                0x08003ff8                SysTick_Handler
 .text.SVC_Setup
                0x08004018       0x12 ./Middlewares/Third_Party/FreeRTOS/Source/CMSIS_RTOS_V2/cmsis_os2.o
 *fill*         0x0800402a        0x2 
 .text.osKernelInitialize
                0x0800402c       0x44 ./Middlewares/Third_Party/FreeRTOS/Source/CMSIS_RTOS_V2/cmsis_os2.o
                0x0800402c                osKernelInitialize
 .text.osKernelStart
                0x08004070       0x4c ./Middlewares/Third_Party/FreeRTOS/Source/CMSIS_RTOS_V2/cmsis_os2.o
                0x08004070                osKernelStart
 .text.osThreadNew
                0x080040bc      0x124 ./Middlewares/Third_Party/FreeRTOS/Source/CMSIS_RTOS_V2/cmsis_os2.o
                0x080040bc                osThreadNew
 .text.osDelay  0x080041e0       0x36 ./Middlewares/Third_Party/FreeRTOS/Source/CMSIS_RTOS_V2/cmsis_os2.o
                0x080041e0                osDelay
 *fill*         0x08004216        0x2 
 .text.vApplicationGetIdleTaskMemory
                0x08004218       0x30 ./Middlewares/Third_Party/FreeRTOS/Source/CMSIS_RTOS_V2/cmsis_os2.o
                0x08004218                vApplicationGetIdleTaskMemory
 .text.vApplicationGetTimerTaskMemory
                0x08004248       0x34 ./Middlewares/Third_Party/FreeRTOS/Source/CMSIS_RTOS_V2/cmsis_os2.o
                0x08004248                vApplicationGetTimerTaskMemory
 .text.vListInitialise
                0x0800427c       0x3e ./Middlewares/Third_Party/FreeRTOS/Source/list.o
                0x0800427c                vListInitialise
 .text.vListInitialiseItem
                0x080042ba       0x18 ./Middlewares/Third_Party/FreeRTOS/Source/list.o
                0x080042ba                vListInitialiseItem
 .text.vListInsertEnd
                0x080042d2       0x46 ./Middlewares/Third_Party/FreeRTOS/Source/list.o
                0x080042d2                vListInsertEnd
 .text.vListInsert
                0x08004318       0x70 ./Middlewares/Third_Party/FreeRTOS/Source/list.o
                0x08004318                vListInsert
 .text.uxListRemove
                0x08004388       0x52 ./Middlewares/Third_Party/FreeRTOS/Source/list.o
                0x08004388                uxListRemove
 *fill*         0x080043da        0x2 
 .text.xQueueGenericReset
                0x080043dc       0xd4 ./Middlewares/Third_Party/FreeRTOS/Source/queue.o
                0x080043dc                xQueueGenericReset
 .text.xQueueGenericCreateStatic
                0x080044b0       0xfa ./Middlewares/Third_Party/FreeRTOS/Source/queue.o
                0x080044b0                xQueueGenericCreateStatic
 .text.prvInitialiseNewQueue
                0x080045aa       0x46 ./Middlewares/Third_Party/FreeRTOS/Source/queue.o
 .text.xQueueGenericSend
                0x080045f0      0x204 ./Middlewares/Third_Party/FreeRTOS/Source/queue.o
                0x080045f0                xQueueGenericSend
 .text.xQueueGenericSendFromISR
                0x080047f4      0x13c ./Middlewares/Third_Party/FreeRTOS/Source/queue.o
                0x080047f4                xQueueGenericSendFromISR
 .text.xQueueReceive
                0x08004930      0x1c4 ./Middlewares/Third_Party/FreeRTOS/Source/queue.o
                0x08004930                xQueueReceive
 .text.prvCopyDataToQueue
                0x08004af4       0xd4 ./Middlewares/Third_Party/FreeRTOS/Source/queue.o
 .text.prvCopyDataFromQueue
                0x08004bc8       0x4c ./Middlewares/Third_Party/FreeRTOS/Source/queue.o
 .text.prvUnlockQueue
                0x08004c14       0xa4 ./Middlewares/Third_Party/FreeRTOS/Source/queue.o
 .text.prvIsQueueEmpty
                0x08004cb8       0x2c ./Middlewares/Third_Party/FreeRTOS/Source/queue.o
 .text.prvIsQueueFull
                0x08004ce4       0x30 ./Middlewares/Third_Party/FreeRTOS/Source/queue.o
 .text.vQueueAddToRegistry
                0x08004d14       0x50 ./Middlewares/Third_Party/FreeRTOS/Source/queue.o
                0x08004d14                vQueueAddToRegistry
 .text.vQueueWaitForMessageRestricted
                0x08004d64       0x68 ./Middlewares/Third_Party/FreeRTOS/Source/queue.o
                0x08004d64                vQueueWaitForMessageRestricted
 .text.xTaskCreateStatic
                0x08004dcc       0xc0 ./Middlewares/Third_Party/FreeRTOS/Source/tasks.o
                0x08004dcc                xTaskCreateStatic
 .text.xTaskCreate
                0x08004e8c       0x8a ./Middlewares/Third_Party/FreeRTOS/Source/tasks.o
                0x08004e8c                xTaskCreate
 *fill*         0x08004f16        0x2 
 .text.prvInitialiseNewTask
                0x08004f18      0x150 ./Middlewares/Third_Party/FreeRTOS/Source/tasks.o
 .text.prvAddNewTaskToReadyList
                0x08005068       0xe0 ./Middlewares/Third_Party/FreeRTOS/Source/tasks.o
 .text.vTaskDelay
                0x08005148       0x6c ./Middlewares/Third_Party/FreeRTOS/Source/tasks.o
                0x08005148                vTaskDelay
 .text.vTaskStartScheduler
                0x080051b4       0xe0 ./Middlewares/Third_Party/FreeRTOS/Source/tasks.o
                0x080051b4                vTaskStartScheduler
 .text.vTaskSuspendAll
                0x08005294       0x1c ./Middlewares/Third_Party/FreeRTOS/Source/tasks.o
                0x08005294                vTaskSuspendAll
 .text.xTaskResumeAll
                0x080052b0      0x13c ./Middlewares/Third_Party/FreeRTOS/Source/tasks.o
                0x080052b0                xTaskResumeAll
 .text.xTaskGetTickCount
                0x080053ec       0x1c ./Middlewares/Third_Party/FreeRTOS/Source/tasks.o
                0x080053ec                xTaskGetTickCount
 .text.xTaskIncrementTick
                0x08005408      0x174 ./Middlewares/Third_Party/FreeRTOS/Source/tasks.o
                0x08005408                xTaskIncrementTick
 .text.vTaskSwitchContext
                0x0800557c       0xe8 ./Middlewares/Third_Party/FreeRTOS/Source/tasks.o
                0x0800557c                vTaskSwitchContext
 .text.vTaskPlaceOnEventList
                0x08005664       0x4c ./Middlewares/Third_Party/FreeRTOS/Source/tasks.o
                0x08005664                vTaskPlaceOnEventList
 .text.vTaskPlaceOnEventListRestricted
                0x080056b0       0x58 ./Middlewares/Third_Party/FreeRTOS/Source/tasks.o
                0x080056b0                vTaskPlaceOnEventListRestricted
 .text.xTaskRemoveFromEventList
                0x08005708       0xc8 ./Middlewares/Third_Party/FreeRTOS/Source/tasks.o
                0x08005708                xTaskRemoveFromEventList
 .text.vTaskInternalSetTimeOutState
                0x080057d0       0x2c ./Middlewares/Third_Party/FreeRTOS/Source/tasks.o
                0x080057d0                vTaskInternalSetTimeOutState
 .text.xTaskCheckForTimeOut
                0x080057fc       0xc8 ./Middlewares/Third_Party/FreeRTOS/Source/tasks.o
                0x080057fc                xTaskCheckForTimeOut
 .text.vTaskMissedYield
                0x080058c4       0x18 ./Middlewares/Third_Party/FreeRTOS/Source/tasks.o
                0x080058c4                vTaskMissedYield
 .text.prvIdleTask
                0x080058dc       0x30 ./Middlewares/Third_Party/FreeRTOS/Source/tasks.o
 .text.prvInitialiseTaskLists
                0x0800590c       0x80 ./Middlewares/Third_Party/FreeRTOS/Source/tasks.o
 .text.prvCheckTasksWaitingTermination
                0x0800598c       0x5c ./Middlewares/Third_Party/FreeRTOS/Source/tasks.o
 .text.prvDeleteTCB
                0x080059e8       0x6a ./Middlewares/Third_Party/FreeRTOS/Source/tasks.o
 *fill*         0x08005a52        0x2 
 .text.prvResetNextTaskUnblockTime
                0x08005a54       0x40 ./Middlewares/Third_Party/FreeRTOS/Source/tasks.o
 .text.xTaskGetSchedulerState
                0x08005a94       0x3c ./Middlewares/Third_Party/FreeRTOS/Source/tasks.o
                0x08005a94                xTaskGetSchedulerState
 .text.xTaskPriorityDisinherit
                0x08005ad0       0xe0 ./Middlewares/Third_Party/FreeRTOS/Source/tasks.o
                0x08005ad0                xTaskPriorityDisinherit
 .text.prvAddCurrentTaskToDelayedList
                0x08005bb0       0xa8 ./Middlewares/Third_Party/FreeRTOS/Source/tasks.o
 .text.xTimerCreateTimerTask
                0x08005c58       0x94 ./Middlewares/Third_Party/FreeRTOS/Source/timers.o
                0x08005c58                xTimerCreateTimerTask
 .text.xTimerGenericCommand
                0x08005cec       0x9c ./Middlewares/Third_Party/FreeRTOS/Source/timers.o
                0x08005cec                xTimerGenericCommand
 .text.prvProcessExpiredTimer
                0x08005d88       0x9c ./Middlewares/Third_Party/FreeRTOS/Source/timers.o
 .text.prvTimerTask
                0x08005e24       0x26 ./Middlewares/Third_Party/FreeRTOS/Source/timers.o
 *fill*         0x08005e4a        0x2 
 .text.prvProcessTimerOrBlockTask
                0x08005e4c       0x9c ./Middlewares/Third_Party/FreeRTOS/Source/timers.o
 .text.prvGetNextExpireTime
                0x08005ee8       0x44 ./Middlewares/Third_Party/FreeRTOS/Source/timers.o
 .text.prvSampleTimeNow
                0x08005f2c       0x40 ./Middlewares/Third_Party/FreeRTOS/Source/timers.o
 .text.prvInsertTimerInActiveList
                0x08005f6c       0x84 ./Middlewares/Third_Party/FreeRTOS/Source/timers.o
 .text.prvProcessReceivedCommands
                0x08005ff0      0x1cc ./Middlewares/Third_Party/FreeRTOS/Source/timers.o
 .text.prvSwitchTimerLists
                0x080061bc       0xcc ./Middlewares/Third_Party/FreeRTOS/Source/timers.o
 .text.prvCheckForValidListAndQueue
                0x08006288       0x80 ./Middlewares/Third_Party/FreeRTOS/Source/timers.o
 .text.pxPortInitialiseStack
                0x08006308       0x58 ./Middlewares/Third_Party/FreeRTOS/Source/portable/GCC/ARM_CM3/port.o
                0x08006308                pxPortInitialiseStack
 .text.prvTaskExitError
                0x08006360       0x58 ./Middlewares/Third_Party/FreeRTOS/Source/portable/GCC/ARM_CM3/port.o
 *fill*         0x080063b8        0x8 
 .text.SVC_Handler
                0x080063c0       0x28 ./Middlewares/Third_Party/FreeRTOS/Source/portable/GCC/ARM_CM3/port.o
                0x080063c0                SVC_Handler
 .text.prvPortStartFirstTask
                0x080063e8       0x20 ./Middlewares/Third_Party/FreeRTOS/Source/portable/GCC/ARM_CM3/port.o
 .text.xPortStartScheduler
                0x08006408       0xe4 ./Middlewares/Third_Party/FreeRTOS/Source/portable/GCC/ARM_CM3/port.o
                0x08006408                xPortStartScheduler
 .text.vPortEnterCritical
                0x080064ec       0x60 ./Middlewares/Third_Party/FreeRTOS/Source/portable/GCC/ARM_CM3/port.o
                0x080064ec                vPortEnterCritical
 .text.vPortExitCritical
                0x0800654c       0x54 ./Middlewares/Third_Party/FreeRTOS/Source/portable/GCC/ARM_CM3/port.o
                0x0800654c                vPortExitCritical
 .text.PendSV_Handler
                0x080065a0       0x48 ./Middlewares/Third_Party/FreeRTOS/Source/portable/GCC/ARM_CM3/port.o
                0x080065a0                PendSV_Handler
 .text.xPortSysTickHandler
                0x080065e8       0x44 ./Middlewares/Third_Party/FreeRTOS/Source/portable/GCC/ARM_CM3/port.o
                0x080065e8                xPortSysTickHandler
 .text.vPortSetupTimerInterrupt
                0x0800662c       0x44 ./Middlewares/Third_Party/FreeRTOS/Source/portable/GCC/ARM_CM3/port.o
                0x0800662c                vPortSetupTimerInterrupt
 .text.vPortValidateInterruptPriority
                0x08006670       0x80 ./Middlewares/Third_Party/FreeRTOS/Source/portable/GCC/ARM_CM3/port.o
                0x08006670                vPortValidateInterruptPriority
 .text.pvPortMalloc
                0x080066f0      0x19c ./Middlewares/Third_Party/FreeRTOS/Source/portable/MemMang/heap_4.o
                0x080066f0                pvPortMalloc
 .text.vPortFree
                0x0800688c       0xc8 ./Middlewares/Third_Party/FreeRTOS/Source/portable/MemMang/heap_4.o
                0x0800688c                vPortFree
 .text.prvHeapInit
                0x08006954       0xc4 ./Middlewares/Third_Party/FreeRTOS/Source/portable/MemMang/heap_4.o
 .text.prvInsertBlockIntoFreeList
                0x08006a18       0xb0 ./Middlewares/Third_Party/FreeRTOS/Source/portable/MemMang/heap_4.o
 .text.memset   0x08006ac8       0x10 D:/STM32CubeIDE/STM32CubeIDE_2.1.1/STM32CubeIDE/plugins/com.st.stm32cube.ide.mcu.externaltools.gnu-tools-for-stm32.14.3.rel1.win32_1.0.100.202602081740/tools/bin/../lib/gcc/arm-none-eabi/14.3.1/../../../../arm-none-eabi/lib/thumb/v7-m/nofp\libc_nano.a(libc_a-memset.o)
                0x08006ac8                memset
 .text._reclaim_reent
                0x08006ad8       0xbc D:/STM32CubeIDE/STM32CubeIDE_2.1.1/STM32CubeIDE/plugins/com.st.stm32cube.ide.mcu.externaltools.gnu-tools-for-stm32.14.3.rel1.win32_1.0.100.202602081740/tools/bin/../lib/gcc/arm-none-eabi/14.3.1/../../../../arm-none-eabi/lib/thumb/v7-m/nofp\libc_nano.a(libc_a-reent.o)
                0x08006ad8                _reclaim_reent
 .text.__libc_init_array
                0x08006b94       0x48 D:/STM32CubeIDE/STM32CubeIDE_2.1.1/STM32CubeIDE/plugins/com.st.stm32cube.ide.mcu.externaltools.gnu-tools-for-stm32.14.3.rel1.win32_1.0.100.202602081740/tools/bin/../lib/gcc/arm-none-eabi/14.3.1/../../../../arm-none-eabi/lib/thumb/v7-m/nofp\libc_nano.a(libc_a-init.o)
                0x08006b94                __libc_init_array
 .text.__retarget_lock_acquire_recursive
                0x08006bdc        0x2 D:/STM32CubeIDE/STM32CubeIDE_2.1.1/STM32CubeIDE/plugins/com.st.stm32cube.ide.mcu.externaltools.gnu-tools-for-stm32.14.3.rel1.win32_1.0.100.202602081740/tools/bin/../lib/gcc/arm-none-eabi/14.3.1/../../../../arm-none-eabi/lib/thumb/v7-m/nofp\libc_nano.a(libc_a-lock.o)
                0x08006bdc                __retarget_lock_acquire_recursive
 .text.__retarget_lock_release_recursive
                0x08006bde        0x2 D:/STM32CubeIDE/STM32CubeIDE_2.1.1/STM32CubeIDE/plugins/com.st.stm32cube.ide.mcu.externaltools.gnu-tools-for-stm32.14.3.rel1.win32_1.0.100.202602081740/tools/bin/../lib/gcc/arm-none-eabi/14.3.1/../../../../arm-none-eabi/lib/thumb/v7-m/nofp\libc_nano.a(libc_a-lock.o)
                0x08006bde                __retarget_lock_release_recursive
 .text.memcpy   0x08006be0       0x1c D:/STM32CubeIDE/STM32CubeIDE_2.1.1/STM32CubeIDE/plugins/com.st.stm32cube.ide.mcu.externaltools.gnu-tools-for-stm32.14.3.rel1.win32_1.0.100.202602081740/tools/bin/../lib/gcc/arm-none-eabi/14.3.1/../../../../arm-none-eabi/lib/thumb/v7-m/nofp\libc_nano.a(libc_a-memcpy-stub.o)
                0x08006be0                memcpy
 .text._free_r  0x08006bfc       0x90 D:/STM32CubeIDE/STM32CubeIDE_2.1.1/STM32CubeIDE/plugins/com.st.stm32cube.ide.mcu.externaltools.gnu-tools-for-stm32.14.3.rel1.win32_1.0.100.202602081740/tools/bin/../lib/gcc/arm-none-eabi/14.3.1/../../../../arm-none-eabi/lib/thumb/v7-m/nofp\libc_nano.a(libc_a-freer.o)
                0x08006bfc                _free_r
 .text.__malloc_lock
                0x08006c8c        0xc D:/STM32CubeIDE/STM32CubeIDE_2.1.1/STM32CubeIDE/plugins/com.st.stm32cube.ide.mcu.externaltools.gnu-tools-for-stm32.14.3.rel1.win32_1.0.100.202602081740/tools/bin/../lib/gcc/arm-none-eabi/14.3.1/../../../../arm-none-eabi/lib/thumb/v7-m/nofp\libc_nano.a(libc_a-mlock.o)
                0x08006c8c                __malloc_lock
 .text.__malloc_unlock
                0x08006c98        0xc D:/STM32CubeIDE/STM32CubeIDE_2.1.1/STM32CubeIDE/plugins/com.st.stm32cube.ide.mcu.externaltools.gnu-tools-for-stm32.14.3.rel1.win32_1.0.100.202602081740/tools/bin/../lib/gcc/arm-none-eabi/14.3.1/../../../../arm-none-eabi/lib/thumb/v7-m/nofp\libc_nano.a(libc_a-mlock.o)
                0x08006c98                __malloc_unlock
 *(.glue_7)
 .glue_7        0x08006ca4        0x0 linker stubs
 *(.glue_7t)
 .glue_7t       0x08006ca4        0x0 linker stubs
 *(.eh_frame)
 .eh_frame      0x08006ca4        0x0 D:/STM32CubeIDE/STM32CubeIDE_2.1.1/STM32CubeIDE/plugins/com.st.stm32cube.ide.mcu.externaltools.gnu-tools-for-stm32.14.3.rel1.win32_1.0.100.202602081740/tools/bin/../lib/gcc/arm-none-eabi/14.3.1/thumb/v7-m/nofp/crtbegin.o
 *(.init)
 .init          0x08006ca4        0x4 D:/STM32CubeIDE/STM32CubeIDE_2.1.1/STM32CubeIDE/plugins/com.st.stm32cube.ide.mcu.externaltools.gnu-tools-for-stm32.14.3.rel1.win32_1.0.100.202602081740/tools/bin/../lib/gcc/arm-none-eabi/14.3.1/thumb/v7-m/nofp/crti.o
                0x08006ca4                _init
 .init          0x08006ca8        0x8 D:/STM32CubeIDE/STM32CubeIDE_2.1.1/STM32CubeIDE/plugins/com.st.stm32cube.ide.mcu.externaltools.gnu-tools-for-stm32.14.3.rel1.win32_1.0.100.202602081740/tools/bin/../lib/gcc/arm-none-eabi/14.3.1/thumb/v7-m/nofp/crtn.o
 *(.fini)
 .fini          0x08006cb0        0x4 D:/STM32CubeIDE/STM32CubeIDE_2.1.1/STM32CubeIDE/plugins/com.st.stm32cube.ide.mcu.externaltools.gnu-tools-for-stm32.14.3.rel1.win32_1.0.100.202602081740/tools/bin/../lib/gcc/arm-none-eabi/14.3.1/thumb/v7-m/nofp/crti.o
                0x08006cb0                _fini
 .fini          0x08006cb4        0x8 D:/STM32CubeIDE/STM32CubeIDE_2.1.1/STM32CubeIDE/plugins/com.st.stm32cube.ide.mcu.externaltools.gnu-tools-for-stm32.14.3.rel1.win32_1.0.100.202602081740/tools/bin/../lib/gcc/arm-none-eabi/14.3.1/thumb/v7-m/nofp/crtn.o
                0x08006cbc                        . = ALIGN (0x4)
                0x08006cbc                        _etext = .

.vfp11_veneer   0x08006cbc        0x0
 .vfp11_veneer  0x08006cbc        0x0 linker stubs

.v4_bx          0x08006cbc        0x0
 .v4_bx         0x08006cbc        0x0 linker stubs

.iplt           0x08006cbc        0x0
 .iplt          0x08006cbc        0x0 D:/STM32CubeIDE/STM32CubeIDE_2.1.1/STM32CubeIDE/plugins/com.st.stm32cube.ide.mcu.externaltools.gnu-tools-for-stm32.14.3.rel1.win32_1.0.100.202602081740/tools/bin/../lib/gcc/arm-none-eabi/14.3.1/thumb/v7-m/nofp/crtbegin.o

.rodata         0x08006cbc       0x88
                0x08006cbc                        . = ALIGN (0x4)
 *(.rodata)
 .rodata        0x08006cbc        0xc ./Core/Src/freertos.o
 .rodata        0x08006cc8        0x5 ./Middlewares/Third_Party/FreeRTOS/Source/tasks.o
 *fill*         0x08006ccd        0x3 
 .rodata        0x08006cd0        0xd ./Middlewares/Third_Party/FreeRTOS/Source/timers.o
 *(.rodata*)
 *fill*         0x08006cdd        0x3 
 .rodata.defaultTask_attributes
                0x08006ce0       0x24 ./Core/Src/freertos.o
                0x08006ce0                defaultTask_attributes
 .rodata.AHBPrescTable
                0x08006d04       0x10 ./Core/Src/system_stm32f1xx.o
                0x08006d04                AHBPrescTable
 .rodata.APBPrescTable
                0x08006d14        0x8 ./Core/Src/system_stm32f1xx.o
                0x08006d14                APBPrescTable
 .rodata.aPLLMULFactorTable.1
                0x08006d1c       0x10 ./Drivers/STM32F1xx_HAL_Driver/Src/stm32f1xx_hal_rcc.o
 .rodata.aPredivFactorTable.0
                0x08006d2c        0x2 ./Drivers/STM32F1xx_HAL_Driver/Src/stm32f1xx_hal_rcc.o
 *fill*         0x08006d2e        0x2 
 .rodata.aPLLMULFactorTable.1
                0x08006d30       0x10 ./Drivers/STM32F1xx_HAL_Driver/Src/stm32f1xx_hal_rcc_ex.o
 .rodata.aPredivFactorTable.0
                0x08006d40        0x2 ./Drivers/STM32F1xx_HAL_Driver/Src/stm32f1xx_hal_rcc_ex.o
                0x08006d44                        . = ALIGN (0x4)
 *fill*         0x08006d42        0x2 

.ARM.extab      0x08006d44        0x0
                0x08006d44                        . = ALIGN (0x4)
 *(.ARM.extab* .gnu.linkonce.armextab.*)
                0x08006d44                        . = ALIGN (0x4)

.ARM            0x08006d44        0x0
                0x08006d44                        . = ALIGN (0x4)
                0x08006d44                        __exidx_start = .
 *(.ARM.exidx*)
                0x08006d44                        __exidx_end = .
                0x08006d44                        . = ALIGN (0x4)

.preinit_array  0x08006d44        0x0
                0x08006d44                        . = ALIGN (0x4)
                0x08006d44                        PROVIDE (__preinit_array_start = .)
 *(.preinit_array*)
                0x08006d44                        PROVIDE (__preinit_array_end = .)
                0x08006d44                        . = ALIGN (0x4)

.init_array     0x08006d44        0x4
                0x08006d44                        . = ALIGN (0x4)
                0x08006d44                        PROVIDE (__init_array_start = .)
 *(SORT_BY_NAME(.init_array.*))
 *(.init_array*)
 .init_array    0x08006d44        0x4 D:/STM32CubeIDE/STM32CubeIDE_2.1.1/STM32CubeIDE/plugins/com.st.stm32cube.ide.mcu.externaltools.gnu-tools-for-stm32.14.3.rel1.win32_1.0.100.202602081740/tools/bin/../lib/gcc/arm-none-eabi/14.3.1/thumb/v7-m/nofp/crtbegin.o
                0x08006d48                        PROVIDE (__init_array_end = .)
                0x08006d48                        . = ALIGN (0x4)

.fini_array     0x08006d48        0x4
                0x08006d48                        . = ALIGN (0x4)
                [!provide]                        PROVIDE (__fini_array_start = .)
 *(SORT_BY_NAME(.fini_array.*))
 *(.fini_array*)
 .fini_array    0x08006d48        0x4 D:/STM32CubeIDE/STM32CubeIDE_2.1.1/STM32CubeIDE/plugins/com.st.stm32cube.ide.mcu.externaltools.gnu-tools-for-stm32.14.3.rel1.win32_1.0.100.202602081740/tools/bin/../lib/gcc/arm-none-eabi/14.3.1/thumb/v7-m/nofp/crtbegin.o
                [!provide]                        PROVIDE (__fini_array_end = .)
                0x08006d4c                        . = ALIGN (0x4)
                0x08006d4c                        _sidata = LOADADDR (.data)

.rel.dyn        0x08006d4c        0x0
 .rel.iplt      0x08006d4c        0x0 D:/STM32CubeIDE/STM32CubeIDE_2.1.1/STM32CubeIDE/plugins/com.st.stm32cube.ide.mcu.externaltools.gnu-tools-for-stm32.14.3.rel1.win32_1.0.100.202602081740/tools/bin/../lib/gcc/arm-none-eabi/14.3.1/thumb/v7-m/nofp/crtbegin.o

.data           0x20000000       0x60 load address 0x08006d4c
                0x20000000                        . = ALIGN (0x4)
                0x20000000                        _sdata = .
 *(.data)
 *(.data*)
 .data.SystemCoreClock
                0x20000000        0x4 ./Core/Src/system_stm32f1xx.o
                0x20000000                SystemCoreClock
 .data.uwTickPrio
                0x20000004        0x4 ./Drivers/STM32F1xx_HAL_Driver/Src/stm32f1xx_hal.o
                0x20000004                uwTickPrio
 .data.uwTickFreq
                0x20000008        0x1 ./Drivers/STM32F1xx_HAL_Driver/Src/stm32f1xx_hal.o
                0x20000008                uwTickFreq
 *fill*         0x20000009        0x3 
 .data.uxCriticalNesting
                0x2000000c        0x4 ./Middlewares/Third_Party/FreeRTOS/Source/portable/GCC/ARM_CM3/port.o
 .data._impure_ptr
                0x20000010        0x4 D:/STM32CubeIDE/STM32CubeIDE_2.1.1/STM32CubeIDE/plugins/com.st.stm32cube.ide.mcu.externaltools.gnu-tools-for-stm32.14.3.rel1.win32_1.0.100.202602081740/tools/bin/../lib/gcc/arm-none-eabi/14.3.1/../../../../arm-none-eabi/lib/thumb/v7-m/nofp\libc_nano.a(libc_a-impure.o)
                0x20000010                _impure_ptr
 .data._impure_data
                0x20000014       0x4c D:/STM32CubeIDE/STM32CubeIDE_2.1.1/STM32CubeIDE/plugins/com.st.stm32cube.ide.mcu.externaltools.gnu-tools-for-stm32.14.3.rel1.win32_1.0.100.202602081740/tools/bin/../lib/gcc/arm-none-eabi/14.3.1/../../../../arm-none-eabi/lib/thumb/v7-m/nofp\libc_nano.a(libc_a-impure.o)
                0x20000014                _impure_data
 *(.RamFunc)
 *(.RamFunc*)
                0x20000060                        . = ALIGN (0x4)
                0x20000060                        _edata = .

.igot.plt       0x20000060        0x0 load address 0x08006dac
 .igot.plt      0x20000060        0x0 D:/STM32CubeIDE/STM32CubeIDE_2.1.1/STM32CubeIDE/plugins/com.st.stm32cube.ide.mcu.externaltools.gnu-tools-for-stm32.14.3.rel1.win32_1.0.100.202602081740/tools/bin/../lib/gcc/arm-none-eabi/14.3.1/thumb/v7-m/nofp/crtbegin.o
                0x20000060                        . = ALIGN (0x4)

.bss            0x20000060     0x3a60 load address 0x08006dac
                0x20000060                        _sbss = .
                0x20000060                        __bss_start__ = _sbss
 *(.bss)
 .bss           0x20000060       0x1c D:/STM32CubeIDE/STM32CubeIDE_2.1.1/STM32CubeIDE/plugins/com.st.stm32cube.ide.mcu.externaltools.gnu-tools-for-stm32.14.3.rel1.win32_1.0.100.202602081740/tools/bin/../lib/gcc/arm-none-eabi/14.3.1/thumb/v7-m/nofp/crtbegin.o
 *(.bss*)
 .bss.hadc1     0x2000007c       0x30 ./Core/Src/adc.o
                0x2000007c                hadc1
 .bss.hdma_adc1
                0x200000ac       0x44 ./Core/Src/adc.o
                0x200000ac                hdma_adc1
 .bss.defaultTaskHandle
                0x200000f0        0x4 ./Core/Src/freertos.o
                0x200000f0                defaultTaskHandle
 .bss.hi2c1     0x200000f4       0x54 ./Core/Src/i2c.o
                0x200000f4                hi2c1
 .bss.hrtc      0x20000148       0x14 ./Core/Src/rtc.o
                0x20000148                hrtc
 .bss.htim4     0x2000015c       0x48 ./Core/Src/stm32f1xx_hal_timebase_tim.o
                0x2000015c                htim4
 .bss.htim2     0x200001a4       0x48 ./Core/Src/tim.o
                0x200001a4                htim2
 .bss.htim3     0x200001ec       0x48 ./Core/Src/tim.o
                0x200001ec                htim3
 .bss.huart1    0x20000234       0x48 ./Core/Src/usart.o
                0x20000234                huart1
 .bss.huart2    0x2000027c       0x48 ./Core/Src/usart.o
                0x2000027c                huart2
 .bss.huart3    0x200002c4       0x48 ./Core/Src/usart.o
                0x200002c4                huart3
 .bss.hdma_usart1_rx
                0x2000030c       0x44 ./Core/Src/usart.o
                0x2000030c                hdma_usart1_rx
 .bss.hdma_usart2_rx
                0x20000350       0x44 ./Core/Src/usart.o
                0x20000350                hdma_usart2_rx
 .bss.uwTick    0x20000394        0x4 ./Drivers/STM32F1xx_HAL_Driver/Src/stm32f1xx_hal.o
                0x20000394                uwTick
 .bss.KernelState
                0x20000398        0x4 ./Middlewares/Third_Party/FreeRTOS/Source/CMSIS_RTOS_V2/cmsis_os2.o
 .bss.Idle_TCB.3
                0x2000039c       0xa8 ./Middlewares/Third_Party/FreeRTOS/Source/CMSIS_RTOS_V2/cmsis_os2.o
 .bss.Idle_Stack.2
                0x20000444      0x200 ./Middlewares/Third_Party/FreeRTOS/Source/CMSIS_RTOS_V2/cmsis_os2.o
 .bss.Timer_TCB.1
                0x20000644       0xa8 ./Middlewares/Third_Party/FreeRTOS/Source/CMSIS_RTOS_V2/cmsis_os2.o
 .bss.Timer_Stack.0
                0x200006ec      0x400 ./Middlewares/Third_Party/FreeRTOS/Source/CMSIS_RTOS_V2/cmsis_os2.o
 .bss.xQueueRegistry
                0x20000aec       0x40 ./Middlewares/Third_Party/FreeRTOS/Source/queue.o
                0x20000aec                xQueueRegistry
 .bss.pxCurrentTCB
                0x20000b2c        0x4 ./Middlewares/Third_Party/FreeRTOS/Source/tasks.o
                0x20000b2c                pxCurrentTCB
 .bss.pxReadyTasksLists
                0x20000b30      0x460 ./Middlewares/Third_Party/FreeRTOS/Source/tasks.o
 .bss.xDelayedTaskList1
                0x20000f90       0x14 ./Middlewares/Third_Party/FreeRTOS/Source/tasks.o
 .bss.xDelayedTaskList2
                0x20000fa4       0x14 ./Middlewares/Third_Party/FreeRTOS/Source/tasks.o
 .bss.pxDelayedTaskList
                0x20000fb8        0x4 ./Middlewares/Third_Party/FreeRTOS/Source/tasks.o
 .bss.pxOverflowDelayedTaskList
                0x20000fbc        0x4 ./Middlewares/Third_Party/FreeRTOS/Source/tasks.o
 .bss.xPendingReadyList
                0x20000fc0       0x14 ./Middlewares/Third_Party/FreeRTOS/Source/tasks.o
 .bss.xTasksWaitingTermination
                0x20000fd4       0x14 ./Middlewares/Third_Party/FreeRTOS/Source/tasks.o
 .bss.uxDeletedTasksWaitingCleanUp
                0x20000fe8        0x4 ./Middlewares/Third_Party/FreeRTOS/Source/tasks.o
 .bss.xSuspendedTaskList
                0x20000fec       0x14 ./Middlewares/Third_Party/FreeRTOS/Source/tasks.o
 .bss.uxCurrentNumberOfTasks
                0x20001000        0x4 ./Middlewares/Third_Party/FreeRTOS/Source/tasks.o
 .bss.xTickCount
                0x20001004        0x4 ./Middlewares/Third_Party/FreeRTOS/Source/tasks.o
 .bss.uxTopReadyPriority
                0x20001008        0x4 ./Middlewares/Third_Party/FreeRTOS/Source/tasks.o
 .bss.xSchedulerRunning
                0x2000100c        0x4 ./Middlewares/Third_Party/FreeRTOS/Source/tasks.o
 .bss.xPendedTicks
                0x20001010        0x4 ./Middlewares/Third_Party/FreeRTOS/Source/tasks.o
 .bss.xYieldPending
                0x20001014        0x4 ./Middlewares/Third_Party/FreeRTOS/Source/tasks.o
 .bss.xNumOfOverflows
                0x20001018        0x4 ./Middlewares/Third_Party/FreeRTOS/Source/tasks.o
 .bss.uxTaskNumber
                0x2000101c        0x4 ./Middlewares/Third_Party/FreeRTOS/Source/tasks.o
 .bss.xNextTaskUnblockTime
                0x20001020        0x4 ./Middlewares/Third_Party/FreeRTOS/Source/tasks.o
 .bss.xIdleTaskHandle
                0x20001024        0x4 ./Middlewares/Third_Party/FreeRTOS/Source/tasks.o
 .bss.uxSchedulerSuspended
                0x20001028        0x4 ./Middlewares/Third_Party/FreeRTOS/Source/tasks.o
 .bss.xActiveTimerList1
                0x2000102c       0x14 ./Middlewares/Third_Party/FreeRTOS/Source/timers.o
 .bss.xActiveTimerList2
                0x20001040       0x14 ./Middlewares/Third_Party/FreeRTOS/Source/timers.o
 .bss.pxCurrentTimerList
                0x20001054        0x4 ./Middlewares/Third_Party/FreeRTOS/Source/timers.o
 .bss.pxOverflowTimerList
                0x20001058        0x4 ./Middlewares/Third_Party/FreeRTOS/Source/timers.o
 .bss.xTimerQueue
                0x2000105c        0x4 ./Middlewares/Third_Party/FreeRTOS/Source/timers.o
 .bss.xTimerTaskHandle
                0x20001060        0x4 ./Middlewares/Third_Party/FreeRTOS/Source/timers.o
 .bss.xLastTime.2
                0x20001064        0x4 ./Middlewares/Third_Party/FreeRTOS/Source/timers.o
 .bss.ucStaticTimerQueueStorage.1
                0x20001068       0xa0 ./Middlewares/Third_Party/FreeRTOS/Source/timers.o
 .bss.xStaticTimerQueue.0
                0x20001108       0x50 ./Middlewares/Third_Party/FreeRTOS/Source/timers.o
 .bss.ucMaxSysCallPriority
                0x20001158        0x1 ./Middlewares/Third_Party/FreeRTOS/Source/portable/GCC/ARM_CM3/port.o
 *fill*         0x20001159        0x3 
 .bss.ulMaxPRIGROUPValue
                0x2000115c        0x4 ./Middlewares/Third_Party/FreeRTOS/Source/portable/GCC/ARM_CM3/port.o
 .bss.ucHeap    0x20001160     0x2800 ./Middlewares/Third_Party/FreeRTOS/Source/portable/MemMang/heap_4.o
 .bss.xStart    0x20003960        0x8 ./Middlewares/Third_Party/FreeRTOS/Source/portable/MemMang/heap_4.o
 .bss.pxEnd     0x20003968        0x4 ./Middlewares/Third_Party/FreeRTOS/Source/portable/MemMang/heap_4.o
 .bss.xFreeBytesRemaining
                0x2000396c        0x4 ./Middlewares/Third_Party/FreeRTOS/Source/portable/MemMang/heap_4.o
 .bss.xMinimumEverFreeBytesRemaining
                0x20003970        0x4 ./Middlewares/Third_Party/FreeRTOS/Source/portable/MemMang/heap_4.o
 .bss.xNumberOfSuccessfulAllocations
                0x20003974        0x4 ./Middlewares/Third_Party/FreeRTOS/Source/portable/MemMang/heap_4.o
 .bss.xNumberOfSuccessfulFrees
                0x20003978        0x4 ./Middlewares/Third_Party/FreeRTOS/Source/portable/MemMang/heap_4.o
 .bss.xBlockAllocatedBit
                0x2000397c        0x4 ./Middlewares/Third_Party/FreeRTOS/Source/portable/MemMang/heap_4.o
 .bss.__sf      0x20003980      0x138 D:/STM32CubeIDE/STM32CubeIDE_2.1.1/STM32CubeIDE/plugins/com.st.stm32cube.ide.mcu.externaltools.gnu-tools-for-stm32.14.3.rel1.win32_1.0.100.202602081740/tools/bin/../lib/gcc/arm-none-eabi/14.3.1/../../../../arm-none-eabi/lib/thumb/v7-m/nofp\libc_nano.a(libc_a-findfp.o)
                0x20003980                __sf
 .bss.__lock___malloc_recursive_mutex
                0x20003ab8        0x1 D:/STM32CubeIDE/STM32CubeIDE_2.1.1/STM32CubeIDE/plugins/com.st.stm32cube.ide.mcu.externaltools.gnu-tools-for-stm32.14.3.rel1.win32_1.0.100.202602081740/tools/bin/../lib/gcc/arm-none-eabi/14.3.1/../../../../arm-none-eabi/lib/thumb/v7-m/nofp\libc_nano.a(libc_a-lock.o)
                0x20003ab8                __lock___malloc_recursive_mutex
 *fill*         0x20003ab9        0x3 
 .bss.__malloc_free_list
                0x20003abc        0x4 D:/STM32CubeIDE/STM32CubeIDE_2.1.1/STM32CubeIDE/plugins/com.st.stm32cube.ide.mcu.externaltools.gnu-tools-for-stm32.14.3.rel1.win32_1.0.100.202602081740/tools/bin/../lib/gcc/arm-none-eabi/14.3.1/../../../../arm-none-eabi/lib/thumb/v7-m/nofp\libc_nano.a(libc_a-mallocr.o)
                0x20003abc                __malloc_free_list
 *(COMMON)
                0x20003ac0                        . = ALIGN (0x4)
                0x20003ac0                        _ebss = .
                0x20003ac0                        __bss_end__ = _ebss

._user_heap_stack
                0x20003ac0      0x600 load address 0x08006dac
                0x20003ac0                        . = ALIGN (0x8)
                [!provide]                        PROVIDE (end = .)
                0x20003ac0                        PROVIDE (_end = .)
                0x20003cc0                        . = (. + _Min_Heap_Size)
 *fill*         0x20003ac0      0x200 
                0x200040c0                        . = (. + _Min_Stack_Size)
 *fill*         0x20003cc0      0x400 
                0x200040c0                        . = ALIGN (0x8)

/DISCARD/
 libc.a(*)
 libm.a(*)
 libgcc.a(*)

.ARM.attributes
                0x00000000       0x29
 *(.ARM.attributes)
 .ARM.attributes
                0x00000000       0x1d D:/STM32CubeIDE/STM32CubeIDE_2.1.1/STM32CubeIDE/plugins/com.st.stm32cube.ide.mcu.externaltools.gnu-tools-for-stm32.14.3.rel1.win32_1.0.100.202602081740/tools/bin/../lib/gcc/arm-none-eabi/14.3.1/thumb/v7-m/nofp/crti.o
 .ARM.attributes
                0x0000001d       0x2d D:/STM32CubeIDE/STM32CubeIDE_2.1.1/STM32CubeIDE/plugins/com.st.stm32cube.ide.mcu.externaltools.gnu-tools-for-stm32.14.3.rel1.win32_1.0.100.202602081740/tools/bin/../lib/gcc/arm-none-eabi/14.3.1/thumb/v7-m/nofp/crtbegin.o
 .ARM.attributes
                0x0000004a       0x2d ./Core/Src/adc.o
 .ARM.attributes
                0x00000077       0x2d ./Core/Src/dma.o
 .ARM.attributes
                0x000000a4       0x2d ./Core/Src/freertos.o
 .ARM.attributes
                0x000000d1       0x2d ./Core/Src/gpio.o
 .ARM.attributes
                0x000000fe       0x2d ./Core/Src/i2c.o
 .ARM.attributes
                0x0000012b       0x2d ./Core/Src/main.o
 .ARM.attributes
                0x00000158       0x2d ./Core/Src/rtc.o
 .ARM.attributes
                0x00000185       0x2d ./Core/Src/stm32f1xx_hal_msp.o
 .ARM.attributes
                0x000001b2       0x2d ./Core/Src/stm32f1xx_hal_timebase_tim.o
 .ARM.attributes
                0x000001df       0x2d ./Core/Src/stm32f1xx_it.o
 .ARM.attributes
                0x0000020c       0x2d ./Core/Src/system_stm32f1xx.o
 .ARM.attributes
                0x00000239       0x2d ./Core/Src/tim.o
 .ARM.attributes
                0x00000266       0x2d ./Core/Src/usart.o
 .ARM.attributes
                0x00000293       0x21 ./Core/Startup/startup_stm32f103c8tx.o
 .ARM.attributes
                0x000002b4       0x2d ./Drivers/STM32F1xx_HAL_Driver/Src/stm32f1xx_hal.o
 .ARM.attributes
                0x000002e1       0x2d ./Drivers/STM32F1xx_HAL_Driver/Src/stm32f1xx_hal_adc.o
 .ARM.attributes
                0x0000030e       0x2d ./Drivers/STM32F1xx_HAL_Driver/Src/stm32f1xx_hal_cortex.o
 .ARM.attributes
                0x0000033b       0x2d ./Drivers/STM32F1xx_HAL_Driver/Src/stm32f1xx_hal_dma.o
 .ARM.attributes
                0x00000368       0x2d ./Drivers/STM32F1xx_HAL_Driver/Src/stm32f1xx_hal_gpio.o
 .ARM.attributes
                0x00000395       0x2d ./Drivers/STM32F1xx_HAL_Driver/Src/stm32f1xx_hal_i2c.o
 .ARM.attributes
                0x000003c2       0x2d ./Drivers/STM32F1xx_HAL_Driver/Src/stm32f1xx_hal_pwr.o
 .ARM.attributes
                0x000003ef       0x2d ./Drivers/STM32F1xx_HAL_Driver/Src/stm32f1xx_hal_rcc.o
 .ARM.attributes
                0x0000041c       0x2d ./Drivers/STM32F1xx_HAL_Driver/Src/stm32f1xx_hal_rcc_ex.o
 .ARM.attributes
                0x00000449       0x2d ./Drivers/STM32F1xx_HAL_Driver/Src/stm32f1xx_hal_rtc.o
 .ARM.attributes
                0x00000476       0x2d ./Drivers/STM32F1xx_HAL_Driver/Src/stm32f1xx_hal_tim.o
 .ARM.attributes
                0x000004a3       0x2d ./Drivers/STM32F1xx_HAL_Driver/Src/stm32f1xx_hal_tim_ex.o
 .ARM.attributes
                0x000004d0       0x2d ./Drivers/STM32F1xx_HAL_Driver/Src/stm32f1xx_hal_uart.o
 .ARM.attributes
                0x000004fd       0x2d ./Middlewares/Third_Party/FreeRTOS/Source/CMSIS_RTOS_V2/cmsis_os2.o
 .ARM.attributes
                0x0000052a       0x2d ./Middlewares/Third_Party/FreeRTOS/Source/list.o
 .ARM.attributes
                0x00000557       0x2d ./Middlewares/Third_Party/FreeRTOS/Source/queue.o
 .ARM.attributes
                0x00000584       0x2d ./Middlewares/Third_Party/FreeRTOS/Source/tasks.o
 .ARM.attributes
                0x000005b1       0x2d ./Middlewares/Third_Party/FreeRTOS/Source/timers.o
 .ARM.attributes
                0x000005de       0x2d ./Middlewares/Third_Party/FreeRTOS/Source/portable/GCC/ARM_CM3/port.o
 .ARM.attributes
                0x0000060b       0x2d ./Middlewares/Third_Party/FreeRTOS/Source/portable/MemMang/heap_4.o
 .ARM.attributes
                0x00000638       0x2d D:/STM32CubeIDE/STM32CubeIDE_2.1.1/STM32CubeIDE/plugins/com.st.stm32cube.ide.mcu.externaltools.gnu-tools-for-stm32.14.3.rel1.win32_1.0.100.202602081740/tools/bin/../lib/gcc/arm-none-eabi/14.3.1/../../../../arm-none-eabi/lib/thumb/v7-m/nofp\libc_nano.a(libc_a-findfp.o)
 .ARM.attributes
                0x00000665       0x2d D:/STM32CubeIDE/STM32CubeIDE_2.1.1/STM32CubeIDE/plugins/com.st.stm32cube.ide.mcu.externaltools.gnu-tools-for-stm32.14.3.rel1.win32_1.0.100.202602081740/tools/bin/../lib/gcc/arm-none-eabi/14.3.1/../../../../arm-none-eabi/lib/thumb/v7-m/nofp\libc_nano.a(libc_a-memset.o)
 .ARM.attributes
                0x00000692       0x2d D:/STM32CubeIDE/STM32CubeIDE_2.1.1/STM32CubeIDE/plugins/com.st.stm32cube.ide.mcu.externaltools.gnu-tools-for-stm32.14.3.rel1.win32_1.0.100.202602081740/tools/bin/../lib/gcc/arm-none-eabi/14.3.1/../../../../arm-none-eabi/lib/thumb/v7-m/nofp\libc_nano.a(libc_a-reent.o)
 .ARM.attributes
                0x000006bf       0x2d D:/STM32CubeIDE/STM32CubeIDE_2.1.1/STM32CubeIDE/plugins/com.st.stm32cube.ide.mcu.externaltools.gnu-tools-for-stm32.14.3.rel1.win32_1.0.100.202602081740/tools/bin/../lib/gcc/arm-none-eabi/14.3.1/../../../../arm-none-eabi/lib/thumb/v7-m/nofp\libc_nano.a(libc_a-impure.o)
 .ARM.attributes
                0x000006ec       0x2d D:/STM32CubeIDE/STM32CubeIDE_2.1.1/STM32CubeIDE/plugins/com.st.stm32cube.ide.mcu.externaltools.gnu-tools-for-stm32.14.3.rel1.win32_1.0.100.202602081740/tools/bin/../lib/gcc/arm-none-eabi/14.3.1/../../../../arm-none-eabi/lib/thumb/v7-m/nofp\libc_nano.a(libc_a-init.o)
 .ARM.attributes
                0x00000719       0x2d D:/STM32CubeIDE/STM32CubeIDE_2.1.1/STM32CubeIDE/plugins/com.st.stm32cube.ide.mcu.externaltools.gnu-tools-for-stm32.14.3.rel1.win32_1.0.100.202602081740/tools/bin/../lib/gcc/arm-none-eabi/14.3.1/../../../../arm-none-eabi/lib/thumb/v7-m/nofp\libc_nano.a(libc_a-lock.o)
 .ARM.attributes
                0x00000746       0x2d D:/STM32CubeIDE/STM32CubeIDE_2.1.1/STM32CubeIDE/plugins/com.st.stm32cube.ide.mcu.externaltools.gnu-tools-for-stm32.14.3.rel1.win32_1.0.100.202602081740/tools/bin/../lib/gcc/arm-none-eabi/14.3.1/../../../../arm-none-eabi/lib/thumb/v7-m/nofp\libc_nano.a(libc_a-memcpy-stub.o)
 .ARM.attributes
                0x00000773       0x2d D:/STM32CubeIDE/STM32CubeIDE_2.1.1/STM32CubeIDE/plugins/com.st.stm32cube.ide.mcu.externaltools.gnu-tools-for-stm32.14.3.rel1.win32_1.0.100.202602081740/tools/bin/../lib/gcc/arm-none-eabi/14.3.1/../../../../arm-none-eabi/lib/thumb/v7-m/nofp\libc_nano.a(libc_a-freer.o)
 .ARM.attributes
                0x000007a0       0x2d D:/STM32CubeIDE/STM32CubeIDE_2.1.1/STM32CubeIDE/plugins/com.st.stm32cube.ide.mcu.externaltools.gnu-tools-for-stm32.14.3.rel1.win32_1.0.100.202602081740/tools/bin/../lib/gcc/arm-none-eabi/14.3.1/../../../../arm-none-eabi/lib/thumb/v7-m/nofp\libc_nano.a(libc_a-mallocr.o)
 .ARM.attributes
                0x000007cd       0x2d D:/STM32CubeIDE/STM32CubeIDE_2.1.1/STM32CubeIDE/plugins/com.st.stm32cube.ide.mcu.externaltools.gnu-tools-for-stm32.14.3.rel1.win32_1.0.100.202602081740/tools/bin/../lib/gcc/arm-none-eabi/14.3.1/../../../../arm-none-eabi/lib/thumb/v7-m/nofp\libc_nano.a(libc_a-mlock.o)
 .ARM.attributes
                0x000007fa       0x1d D:/STM32CubeIDE/STM32CubeIDE_2.1.1/STM32CubeIDE/plugins/com.st.stm32cube.ide.mcu.externaltools.gnu-tools-for-stm32.14.3.rel1.win32_1.0.100.202602081740/tools/bin/../lib/gcc/arm-none-eabi/14.3.1/thumb/v7-m/nofp/crtn.o
OUTPUT(NightSecurity.elf elf32-littlearm)
LOAD linker stubs
LOAD D:/STM32CubeIDE/STM32CubeIDE_2.1.1/STM32CubeIDE/plugins/com.st.stm32cube.ide.mcu.externaltools.gnu-tools-for-stm32.14.3.rel1.win32_1.0.100.202602081740/tools/bin/../lib/gcc/arm-none-eabi/14.3.1/../../../../arm-none-eabi/lib/thumb/v7-m/nofp\libc.a
LOAD D:/STM32CubeIDE/STM32CubeIDE_2.1.1/STM32CubeIDE/plugins/com.st.stm32cube.ide.mcu.externaltools.gnu-tools-for-stm32.14.3.rel1.win32_1.0.100.202602081740/tools/bin/../lib/gcc/arm-none-eabi/14.3.1/../../../../arm-none-eabi/lib/thumb/v7-m/nofp\libm.a
LOAD D:/STM32CubeIDE/STM32CubeIDE_2.1.1/STM32CubeIDE/plugins/com.st.stm32cube.ide.mcu.externaltools.gnu-tools-for-stm32.14.3.rel1.win32_1.0.100.202602081740/tools/bin/../lib/gcc/arm-none-eabi/14.3.1/thumb/v7-m/nofp\libgcc.a

.debug_info     0x00000000    0x1dc24
 .debug_info    0x00000000      0x7fc ./Core/Src/adc.o
 .debug_info    0x000007fc      0x2cf ./Core/Src/dma.o
 .debug_info    0x00000acb      0x47f ./Core/Src/freertos.o
 .debug_info    0x00000f4a      0x2d3 ./Core/Src/gpio.o
 .debug_info    0x0000121d      0x879 ./Core/Src/i2c.o
 .debug_info    0x00001a96      0x944 ./Core/Src/main.o
 .debug_info    0x000023da      0x3ea ./Core/Src/rtc.o
 .debug_info    0x000027c4      0x361 ./Core/Src/stm32f1xx_hal_msp.o
 .debug_info    0x00002b25      0x9a8 ./Core/Src/stm32f1xx_hal_timebase_tim.o
 .debug_info    0x000034cd      0x9e5 ./Core/Src/stm32f1xx_it.o
 .debug_info    0x00003eb2      0x222 ./Core/Src/system_stm32f1xx.o
 .debug_info    0x000040d4      0xa1a ./Core/Src/tim.o
 .debug_info    0x00004aee      0xa2b ./Core/Src/usart.o
 .debug_info    0x00005519       0x30 ./Core/Startup/startup_stm32f103c8tx.o
 .debug_info    0x00005549      0x704 ./Drivers/STM32F1xx_HAL_Driver/Src/stm32f1xx_hal.o
 .debug_info    0x00005c4d      0xc50 ./Drivers/STM32F1xx_HAL_Driver/Src/stm32f1xx_hal_adc.o
 .debug_info    0x0000689d      0xa87 ./Drivers/STM32F1xx_HAL_Driver/Src/stm32f1xx_hal_cortex.o
 .debug_info    0x00007324      0x6d2 ./Drivers/STM32F1xx_HAL_Driver/Src/stm32f1xx_hal_dma.o
 .debug_info    0x000079f6      0x5ab ./Drivers/STM32F1xx_HAL_Driver/Src/stm32f1xx_hal_gpio.o
 .debug_info    0x00007fa1     0x2524 ./Drivers/STM32F1xx_HAL_Driver/Src/stm32f1xx_hal_i2c.o
 .debug_info    0x0000a4c5      0x628 ./Drivers/STM32F1xx_HAL_Driver/Src/stm32f1xx_hal_pwr.o
 .debug_info    0x0000aaed      0x7d5 ./Drivers/STM32F1xx_HAL_Driver/Src/stm32f1xx_hal_rcc.o
 .debug_info    0x0000b2c2      0x3c0 ./Drivers/STM32F1xx_HAL_Driver/Src/stm32f1xx_hal_rcc_ex.o
 .debug_info    0x0000b682      0xc73 ./Drivers/STM32F1xx_HAL_Driver/Src/stm32f1xx_hal_rtc.o
 .debug_info    0x0000c2f5     0x2959 ./Drivers/STM32F1xx_HAL_Driver/Src/stm32f1xx_hal_tim.o
 .debug_info    0x0000ec4e     0x149b ./Drivers/STM32F1xx_HAL_Driver/Src/stm32f1xx_hal_tim_ex.o
 .debug_info    0x000100e9     0x2eed ./Drivers/STM32F1xx_HAL_Driver/Src/stm32f1xx_hal_uart.o
 .debug_info    0x00012fd6     0x4094 ./Middlewares/Third_Party/FreeRTOS/Source/CMSIS_RTOS_V2/cmsis_os2.o
 .debug_info    0x0001706a      0x2af ./Middlewares/Third_Party/FreeRTOS/Source/list.o
 .debug_info    0x00017319     0x1b79 ./Middlewares/Third_Party/FreeRTOS/Source/queue.o
 .debug_info    0x00018e92     0x28d9 ./Middlewares/Third_Party/FreeRTOS/Source/tasks.o
 .debug_info    0x0001b76b     0x1b50 ./Middlewares/Third_Party/FreeRTOS/Source/timers.o
 .debug_info    0x0001d2bb      0x494 ./Middlewares/Third_Party/FreeRTOS/Source/portable/GCC/ARM_CM3/port.o
 .debug_info    0x0001d74f      0x4d5 ./Middlewares/Third_Party/FreeRTOS/Source/portable/MemMang/heap_4.o

.debug_abbrev   0x00000000     0x49c7
 .debug_abbrev  0x00000000      0x1f2 ./Core/Src/adc.o
 .debug_abbrev  0x000001f2       0xfc ./Core/Src/dma.o
 .debug_abbrev  0x000002ee      0x1b1 ./Core/Src/freertos.o
 .debug_abbrev  0x0000049f      0x13f ./Core/Src/gpio.o
 .debug_abbrev  0x000005de      0x1ef ./Core/Src/i2c.o
 .debug_abbrev  0x000007cd      0x22c ./Core/Src/main.o
 .debug_abbrev  0x000009f9      0x1b8 ./Core/Src/rtc.o
 .debug_abbrev  0x00000bb1      0x11c ./Core/Src/stm32f1xx_hal_msp.o
 .debug_abbrev  0x00000ccd      0x1f3 ./Core/Src/stm32f1xx_hal_timebase_tim.o
 .debug_abbrev  0x00000ec0      0x1a3 ./Core/Src/stm32f1xx_it.o
 .debug_abbrev  0x00001063      0x13f ./Core/Src/system_stm32f1xx.o
 .debug_abbrev  0x000011a2      0x21d ./Core/Src/tim.o
 .debug_abbrev  0x000013bf      0x221 ./Core/Src/usart.o
 .debug_abbrev  0x000015e0       0x24 ./Core/Startup/startup_stm32f103c8tx.o
 .debug_abbrev  0x00001604      0x201 ./Drivers/STM32F1xx_HAL_Driver/Src/stm32f1xx_hal.o
 .debug_abbrev  0x00001805      0x225 ./Drivers/STM32F1xx_HAL_Driver/Src/stm32f1xx_hal_adc.o
 .debug_abbrev  0x00001a2a      0x2f8 ./Drivers/STM32F1xx_HAL_Driver/Src/stm32f1xx_hal_cortex.o
 .debug_abbrev  0x00001d22      0x20b ./Drivers/STM32F1xx_HAL_Driver/Src/stm32f1xx_hal_dma.o
 .debug_abbrev  0x00001f2d      0x1ca ./Drivers/STM32F1xx_HAL_Driver/Src/stm32f1xx_hal_gpio.o
 .debug_abbrev  0x000020f7      0x2a3 ./Drivers/STM32F1xx_HAL_Driver/Src/stm32f1xx_hal_i2c.o
 .debug_abbrev  0x0000239a      0x1f6 ./Drivers/STM32F1xx_HAL_Driver/Src/stm32f1xx_hal_pwr.o
 .debug_abbrev  0x00002590      0x2b3 ./Drivers/STM32F1xx_HAL_Driver/Src/stm32f1xx_hal_rcc.o
 .debug_abbrev  0x00002843      0x188 ./Drivers/STM32F1xx_HAL_Driver/Src/stm32f1xx_hal_rcc_ex.o
 .debug_abbrev  0x000029cb      0x23a ./Drivers/STM32F1xx_HAL_Driver/Src/stm32f1xx_hal_rtc.o
 .debug_abbrev  0x00002c05      0x277 ./Drivers/STM32F1xx_HAL_Driver/Src/stm32f1xx_hal_tim.o
 .debug_abbrev  0x00002e7c      0x282 ./Drivers/STM32F1xx_HAL_Driver/Src/stm32f1xx_hal_tim_ex.o
 .debug_abbrev  0x000030fe      0x2f8 ./Drivers/STM32F1xx_HAL_Driver/Src/stm32f1xx_hal_uart.o
 .debug_abbrev  0x000033f6      0x54b ./Middlewares/Third_Party/FreeRTOS/Source/CMSIS_RTOS_V2/cmsis_os2.o
 .debug_abbrev  0x00003941       0xf5 ./Middlewares/Third_Party/FreeRTOS/Source/list.o
 .debug_abbrev  0x00003a36      0x3b6 ./Middlewares/Third_Party/FreeRTOS/Source/queue.o
 .debug_abbrev  0x00003dec      0x3fe ./Middlewares/Third_Party/FreeRTOS/Source/tasks.o
 .debug_abbrev  0x000041ea      0x368 ./Middlewares/Third_Party/FreeRTOS/Source/timers.o
 .debug_abbrev  0x00004552      0x258 ./Middlewares/Third_Party/FreeRTOS/Source/portable/GCC/ARM_CM3/port.o
 .debug_abbrev  0x000047aa      0x21d ./Middlewares/Third_Party/FreeRTOS/Source/portable/MemMang/heap_4.o

.debug_aranges  0x00000000     0x1ae8
 .debug_aranges
                0x00000000       0x30 ./Core/Src/adc.o
 .debug_aranges
                0x00000030       0x20 ./Core/Src/dma.o
 .debug_aranges
                0x00000050       0x30 ./Core/Src/freertos.o
 .debug_aranges
                0x00000080       0x20 ./Core/Src/gpio.o
 .debug_aranges
                0x000000a0       0x30 ./Core/Src/i2c.o
 .debug_aranges
                0x000000d0       0x38 ./Core/Src/main.o
 .debug_aranges
                0x00000108       0x30 ./Core/Src/rtc.o
 .debug_aranges
                0x00000138       0x20 ./Core/Src/stm32f1xx_hal_msp.o
 .debug_aranges
                0x00000158       0x30 ./Core/Src/stm32f1xx_hal_timebase_tim.o
 .debug_aranges
                0x00000188       0x90 ./Core/Src/stm32f1xx_it.o
 .debug_aranges
                0x00000218       0x28 ./Core/Src/system_stm32f1xx.o
 .debug_aranges
                0x00000240       0x38 ./Core/Src/tim.o
 .debug_aranges
                0x00000278       0x40 ./Core/Src/usart.o
 .debug_aranges
                0x000002b8       0x28 ./Core/Startup/startup_stm32f103c8tx.o
 .debug_aranges
                0x000002e0       0xe0 ./Drivers/STM32F1xx_HAL_Driver/Src/stm32f1xx_hal.o
 .debug_aranges
                0x000003c0       0xf0 ./Drivers/STM32F1xx_HAL_Driver/Src/stm32f1xx_hal_adc.o
 .debug_aranges
                0x000004b0      0x100 ./Drivers/STM32F1xx_HAL_Driver/Src/stm32f1xx_hal_cortex.o
 .debug_aranges
                0x000005b0       0x80 ./Drivers/STM32F1xx_HAL_Driver/Src/stm32f1xx_hal_dma.o
 .debug_aranges
                0x00000630       0x58 ./Drivers/STM32F1xx_HAL_Driver/Src/stm32f1xx_hal_gpio.o
 .debug_aranges
                0x00000688      0x2a8 ./Drivers/STM32F1xx_HAL_Driver/Src/stm32f1xx_hal_i2c.o
 .debug_aranges
                0x00000930       0xa8 ./Drivers/STM32F1xx_HAL_Driver/Src/stm32f1xx_hal_pwr.o
 .debug_aranges
                0x000009d8       0x90 ./Drivers/STM32F1xx_HAL_Driver/Src/stm32f1xx_hal_rcc.o
 .debug_aranges
                0x00000a68       0x30 ./Drivers/STM32F1xx_HAL_Driver/Src/stm32f1xx_hal_rcc_ex.o
 .debug_aranges
                0x00000a98       0xf8 ./Drivers/STM32F1xx_HAL_Driver/Src/stm32f1xx_hal_rtc.o
 .debug_aranges
                0x00000b90      0x3d0 ./Drivers/STM32F1xx_HAL_Driver/Src/stm32f1xx_hal_tim.o
 .debug_aranges
                0x00000f60      0x168 ./Drivers/STM32F1xx_HAL_Driver/Src/stm32f1xx_hal_tim_ex.o
 .debug_aranges
                0x000010c8      0x208 ./Drivers/STM32F1xx_HAL_Driver/Src/stm32f1xx_hal_uart.o
 .debug_aranges
                0x000012d0      0x2b8 ./Middlewares/Third_Party/FreeRTOS/Source/CMSIS_RTOS_V2/cmsis_os2.o
 .debug_aranges
                0x00001588       0x40 ./Middlewares/Third_Party/FreeRTOS/Source/list.o
 .debug_aranges
                0x000015c8      0x158 ./Middlewares/Third_Party/FreeRTOS/Source/queue.o
 .debug_aranges
                0x00001720      0x208 ./Middlewares/Third_Party/FreeRTOS/Source/tasks.o
 .debug_aranges
                0x00001928       0xf0 ./Middlewares/Third_Party/FreeRTOS/Source/timers.o
 .debug_aranges
                0x00001a18       0x78 ./Middlewares/Third_Party/FreeRTOS/Source/portable/GCC/ARM_CM3/port.o
 .debug_aranges
                0x00001a90       0x58 ./Middlewares/Third_Party/FreeRTOS/Source/portable/MemMang/heap_4.o

.debug_rnglists
                0x00000000     0x14e6
 .debug_rnglists
                0x00000000       0x20 ./Core/Src/adc.o
 .debug_rnglists
                0x00000020       0x13 ./Core/Src/dma.o
 .debug_rnglists
                0x00000033       0x1f ./Core/Src/freertos.o
 .debug_rnglists
                0x00000052       0x14 ./Core/Src/gpio.o
 .debug_rnglists
                0x00000066       0x20 ./Core/Src/i2c.o
 .debug_rnglists
                0x00000086       0x26 ./Core/Src/main.o
 .debug_rnglists
                0x000000ac       0x1f ./Core/Src/rtc.o
 .debug_rnglists
                0x000000cb       0x13 ./Core/Src/stm32f1xx_hal_msp.o
 .debug_rnglists
                0x000000de       0x20 ./Core/Src/stm32f1xx_hal_timebase_tim.o
 .debug_rnglists
                0x000000fe       0x67 ./Core/Src/stm32f1xx_it.o
 .debug_rnglists
                0x00000165       0x1a ./Core/Src/system_stm32f1xx.o
 .debug_rnglists
                0x0000017f       0x28 ./Core/Src/tim.o
 .debug_rnglists
                0x000001a7       0x2d ./Core/Src/usart.o
 .debug_rnglists
                0x000001d4       0x19 ./Core/Startup/startup_stm32f103c8tx.o
 .debug_rnglists
                0x000001ed       0xa3 ./Drivers/STM32F1xx_HAL_Driver/Src/stm32f1xx_hal.o
 .debug_rnglists
                0x00000290       0xbc ./Drivers/STM32F1xx_HAL_Driver/Src/stm32f1xx_hal_adc.o
 .debug_rnglists
                0x0000034c       0xbb ./Drivers/STM32F1xx_HAL_Driver/Src/stm32f1xx_hal_cortex.o
 .debug_rnglists
                0x00000407       0x64 ./Drivers/STM32F1xx_HAL_Driver/Src/stm32f1xx_hal_dma.o
 .debug_rnglists
                0x0000046b       0x3f ./Drivers/STM32F1xx_HAL_Driver/Src/stm32f1xx_hal_gpio.o
 .debug_rnglists
                0x000004aa      0x23c ./Drivers/STM32F1xx_HAL_Driver/Src/stm32f1xx_hal_i2c.o
 .debug_rnglists
                0x000006e6       0x7a ./Drivers/STM32F1xx_HAL_Driver/Src/stm32f1xx_hal_pwr.o
 .debug_rnglists
                0x00000760       0x6c ./Drivers/STM32F1xx_HAL_Driver/Src/stm32f1xx_hal_rcc.o
 .debug_rnglists
                0x000007cc       0x21 ./Drivers/STM32F1xx_HAL_Driver/Src/stm32f1xx_hal_rcc_ex.o
 .debug_rnglists
                0x000007ed       0xc1 ./Drivers/STM32F1xx_HAL_Driver/Src/stm32f1xx_hal_rtc.o
 .debug_rnglists
                0x000008ae      0x31a ./Drivers/STM32F1xx_HAL_Driver/Src/stm32f1xx_hal_tim.o
 .debug_rnglists
                0x00000bc8      0x125 ./Drivers/STM32F1xx_HAL_Driver/Src/stm32f1xx_hal_tim_ex.o
 .debug_rnglists
                0x00000ced      0x1bc ./Drivers/STM32F1xx_HAL_Driver/Src/stm32f1xx_hal_uart.o
 .debug_rnglists
                0x00000ea9      0x218 ./Middlewares/Third_Party/FreeRTOS/Source/CMSIS_RTOS_V2/cmsis_os2.o
 .debug_rnglists
                0x000010c1       0x2b ./Middlewares/Third_Party/FreeRTOS/Source/list.o
 .debug_rnglists
                0x000010ec      0x109 ./Middlewares/Third_Party/FreeRTOS/Source/queue.o
 .debug_rnglists
                0x000011f5      0x1a0 ./Middlewares/Third_Party/FreeRTOS/Source/tasks.o
 .debug_rnglists
                0x00001395       0xb8 ./Middlewares/Third_Party/FreeRTOS/Source/timers.o
 .debug_rnglists
                0x0000144d       0x57 ./Middlewares/Third_Party/FreeRTOS/Source/portable/GCC/ARM_CM3/port.o
 .debug_rnglists
                0x000014a4       0x42 ./Middlewares/Third_Party/FreeRTOS/Source/portable/MemMang/heap_4.o

.debug_macro    0x00000000    0x1c366
 .debug_macro   0x00000000      0x1ee ./Core/Src/adc.o
 .debug_macro   0x000001ee      0xacc ./Core/Src/adc.o
 .debug_macro   0x00000cba      0x233 ./Core/Src/adc.o
 .debug_macro   0x00000eed       0x2e ./Core/Src/adc.o
 .debug_macro   0x00000f1b       0x22 ./Core/Src/adc.o
 .debug_macro   0x00000f3d       0x22 ./Core/Src/adc.o
 .debug_macro   0x00000f5f       0x8e ./Core/Src/adc.o
 .debug_macro   0x00000fed       0x51 ./Core/Src/adc.o
 .debug_macro   0x0000103e      0x103 ./Core/Src/adc.o
 .debug_macro   0x00001141       0x6a ./Core/Src/adc.o
 .debug_macro   0x000011ab      0x1df ./Core/Src/adc.o
 .debug_macro   0x0000138a       0x1c ./Core/Src/adc.o
 .debug_macro   0x000013a6       0x22 ./Core/Src/adc.o
 .debug_macro   0x000013c8       0xbd ./Core/Src/adc.o
 .debug_macro   0x00001485      0xd23 ./Core/Src/adc.o
 .debug_macro   0x000021a8     0xe09e ./Core/Src/adc.o
 .debug_macro   0x00010246       0x6d ./Core/Src/adc.o
 .debug_macro   0x000102b3     0x34a2 ./Core/Src/adc.o
 .debug_macro   0x00013755      0x190 ./Core/Src/adc.o
 .debug_macro   0x000138e5       0x5c ./Core/Src/adc.o
 .debug_macro   0x00013941      0x5bc ./Core/Src/adc.o
 .debug_macro   0x00013efd      0x289 ./Core/Src/adc.o
 .debug_macro   0x00014186      0x1cb ./Core/Src/adc.o
 .debug_macro   0x00014351      0x114 ./Core/Src/adc.o
 .debug_macro   0x00014465      0x1b2 ./Core/Src/adc.o
 .debug_macro   0x00014617       0x27 ./Core/Src/adc.o
 .debug_macro   0x0001463e      0x136 ./Core/Src/adc.o
 .debug_macro   0x00014774      0x1bc ./Core/Src/adc.o
 .debug_macro   0x00014930       0x34 ./Core/Src/adc.o
 .debug_macro   0x00014964       0x3c ./Core/Src/adc.o
 .debug_macro   0x000149a0       0x57 ./Core/Src/adc.o
 .debug_macro   0x000149f7      0x46a ./Core/Src/adc.o
 .debug_macro   0x00014e61      0x1b5 ./Core/Src/adc.o
 .debug_macro   0x00015016       0x87 ./Core/Src/adc.o
 .debug_macro   0x0001509d      0x240 ./Core/Src/adc.o
 .debug_macro   0x000152dd      0x287 ./Core/Src/adc.o
 .debug_macro   0x00015564      0x140 ./Core/Src/adc.o
 .debug_macro   0x000156a4      0x1ef ./Core/Src/adc.o
 .debug_macro   0x00015893       0xeb ./Core/Src/adc.o
 .debug_macro   0x0001597e      0x8ed ./Core/Src/adc.o
 .debug_macro   0x0001626b      0x28e ./Core/Src/adc.o
 .debug_macro   0x000164f9       0x83 ./Core/Src/adc.o
 .debug_macro   0x0001657c      0x154 ./Core/Src/adc.o
 .debug_macro   0x000166d0      0x1ee ./Core/Src/dma.o
 .debug_macro   0x000168be      0x31e ./Core/Src/freertos.o
 .debug_macro   0x00016bdc      0x13d ./Core/Src/freertos.o
 .debug_macro   0x00016d19      0x15a ./Core/Src/freertos.o
 .debug_macro   0x00016e73       0xc9 ./Core/Src/freertos.o
 .debug_macro   0x00016f3c       0x1c ./Core/Src/freertos.o
 .debug_macro   0x00016f58       0x26 ./Core/Src/freertos.o
 .debug_macro   0x00016f7e       0x61 ./Core/Src/freertos.o
 .debug_macro   0x00016fdf       0x24 ./Core/Src/freertos.o
 .debug_macro   0x00017003       0x43 ./Core/Src/freertos.o
 .debug_macro   0x00017046       0x34 ./Core/Src/freertos.o
 .debug_macro   0x0001707a      0x364 ./Core/Src/freertos.o
 .debug_macro   0x000173de       0x16 ./Core/Src/freertos.o
 .debug_macro   0x000173f4       0x4a ./Core/Src/freertos.o
 .debug_macro   0x0001743e       0x34 ./Core/Src/freertos.o
 .debug_macro   0x00017472       0x10 ./Core/Src/freertos.o
 .debug_macro   0x00017482       0x58 ./Core/Src/freertos.o
 .debug_macro   0x000174da       0x8e ./Core/Src/freertos.o
 .debug_macro   0x00017568       0x1c ./Core/Src/freertos.o
 .debug_macro   0x00017584      0x17e ./Core/Src/freertos.o
 .debug_macro   0x00017702       0x10 ./Core/Src/freertos.o
 .debug_macro   0x00017712       0x3c ./Core/Src/freertos.o
 .debug_macro   0x0001774e      0x4cd ./Core/Src/freertos.o
 .debug_macro   0x00017c1b       0xb5 ./Core/Src/freertos.o
 .debug_macro   0x00017cd0       0xaa ./Core/Src/freertos.o
 .debug_macro   0x00017d7a       0x56 ./Core/Src/freertos.o
 .debug_macro   0x00017dd0       0x6c ./Core/Src/freertos.o
 .debug_macro   0x00017e3c       0x74 ./Core/Src/freertos.o
 .debug_macro   0x00017eb0       0xdd ./Core/Src/freertos.o
 .debug_macro   0x00017f8d      0x1ee ./Core/Src/gpio.o
 .debug_macro   0x0001817b      0x1ee ./Core/Src/i2c.o
 .debug_macro   0x00018369      0x36e ./Core/Src/main.o
 .debug_macro   0x000186d7      0x13d ./Core/Src/main.o
 .debug_macro   0x00018814       0x66 ./Core/Src/main.o
 .debug_macro   0x0001887a      0x1ee ./Core/Src/rtc.o
 .debug_macro   0x00018a68      0x1e4 ./Core/Src/stm32f1xx_hal_msp.o
 .debug_macro   0x00018c4c      0x1d5 ./Core/Src/stm32f1xx_hal_timebase_tim.o
 .debug_macro   0x00018e21      0x1ee ./Core/Src/stm32f1xx_it.o
 .debug_macro   0x0001900f      0x1d5 ./Core/Src/system_stm32f1xx.o
 .debug_macro   0x000191e4      0x1ee ./Core/Src/tim.o
 .debug_macro   0x000193d2      0x1ee ./Core/Src/usart.o
 .debug_macro   0x000195c0      0x1f9 ./Drivers/STM32F1xx_HAL_Driver/Src/stm32f1xx_hal.o
 .debug_macro   0x000197b9      0x1f2 ./Drivers/STM32F1xx_HAL_Driver/Src/stm32f1xx_hal_adc.o
 .debug_macro   0x000199ab      0x1d5 ./Drivers/STM32F1xx_HAL_Driver/Src/stm32f1xx_hal_cortex.o
 .debug_macro   0x00019b80      0x1d5 ./Drivers/STM32F1xx_HAL_Driver/Src/stm32f1xx_hal_dma.o
 .debug_macro   0x00019d55      0x240 ./Drivers/STM32F1xx_HAL_Driver/Src/stm32f1xx_hal_gpio.o
 .debug_macro   0x00019f95      0x223 ./Drivers/STM32F1xx_HAL_Driver/Src/stm32f1xx_hal_i2c.o
 .debug_macro   0x0001a1b8      0x235 ./Drivers/STM32F1xx_HAL_Driver/Src/stm32f1xx_hal_pwr.o
 .debug_macro   0x0001a3ed      0x1e7 ./Drivers/STM32F1xx_HAL_Driver/Src/stm32f1xx_hal_rcc.o
 .debug_macro   0x0001a5d4      0x1d5 ./Drivers/STM32F1xx_HAL_Driver/Src/stm32f1xx_hal_rcc_ex.o
 .debug_macro   0x0001a7a9      0x1e4 ./Drivers/STM32F1xx_HAL_Driver/Src/stm32f1xx_hal_rtc.o
 .debug_macro   0x0001a98d      0x1d6 ./Drivers/STM32F1xx_HAL_Driver/Src/stm32f1xx_hal_tim.o
 .debug_macro   0x0001ab63      0x1d5 ./Drivers/STM32F1xx_HAL_Driver/Src/stm32f1xx_hal_tim_ex.o
 .debug_macro   0x0001ad38      0x1d6 ./Drivers/STM32F1xx_HAL_Driver/Src/stm32f1xx_hal_uart.o
 .debug_macro   0x0001af0e      0x3e3 ./Middlewares/Third_Party/FreeRTOS/Source/CMSIS_RTOS_V2/cmsis_os2.o
 .debug_macro   0x0001b2f1       0x10 ./Middlewares/Third_Party/FreeRTOS/Source/CMSIS_RTOS_V2/cmsis_os2.o
 .debug_macro   0x0001b301       0x20 ./Middlewares/Third_Party/FreeRTOS/Source/CMSIS_RTOS_V2/cmsis_os2.o
 .debug_macro   0x0001b321       0x10 ./Middlewares/Third_Party/FreeRTOS/Source/CMSIS_RTOS_V2/cmsis_os2.o
 .debug_macro   0x0001b331       0xb7 ./Middlewares/Third_Party/FreeRTOS/Source/CMSIS_RTOS_V2/cmsis_os2.o
 .debug_macro   0x0001b3e8       0x16 ./Middlewares/Third_Party/FreeRTOS/Source/CMSIS_RTOS_V2/cmsis_os2.o
 .debug_macro   0x0001b3fe       0x91 ./Middlewares/Third_Party/FreeRTOS/Source/CMSIS_RTOS_V2/cmsis_os2.o
 .debug_macro   0x0001b48f       0x8d ./Middlewares/Third_Party/FreeRTOS/Source/CMSIS_RTOS_V2/cmsis_os2.o
 .debug_macro   0x0001b51c       0x9a ./Middlewares/Third_Party/FreeRTOS/Source/CMSIS_RTOS_V2/cmsis_os2.o
 .debug_macro   0x0001b5b6       0x22 ./Middlewares/Third_Party/FreeRTOS/Source/CMSIS_RTOS_V2/cmsis_os2.o
 .debug_macro   0x0001b5d8       0x28 ./Middlewares/Third_Party/FreeRTOS/Source/CMSIS_RTOS_V2/cmsis_os2.o
 .debug_macro   0x0001b600      0x199 ./Middlewares/Third_Party/FreeRTOS/Source/list.o
 .debug_macro   0x0001b799      0x228 ./Middlewares/Third_Party/FreeRTOS/Source/queue.o
 .debug_macro   0x0001b9c1       0x16 ./Middlewares/Third_Party/FreeRTOS/Source/queue.o
 .debug_macro   0x0001b9d7       0x87 ./Middlewares/Third_Party/FreeRTOS/Source/queue.o
 .debug_macro   0x0001ba5e      0x291 ./Middlewares/Third_Party/FreeRTOS/Source/tasks.o
 .debug_macro   0x0001bcef       0x10 ./Middlewares/Third_Party/FreeRTOS/Source/tasks.o
 .debug_macro   0x0001bcff      0x1ee ./Middlewares/Third_Party/FreeRTOS/Source/timers.o
 .debug_macro   0x0001beed       0x97 ./Middlewares/Third_Party/FreeRTOS/Source/timers.o
 .debug_macro   0x0001bf84      0x222 ./Middlewares/Third_Party/FreeRTOS/Source/portable/GCC/ARM_CM3/port.o
 .debug_macro   0x0001c1a6      0x1c0 ./Middlewares/Third_Party/FreeRTOS/Source/portable/MemMang/heap_4.o

.debug_line     0x00000000    0x21b91
 .debug_line    0x00000000      0x810 ./Core/Src/adc.o
 .debug_line    0x00000810      0x771 ./Core/Src/dma.o
 .debug_line    0x00000f81      0xb2a ./Core/Src/freertos.o
 .debug_line    0x00001aab      0x7e5 ./Core/Src/gpio.o
 .debug_line    0x00002290      0x7dc ./Core/Src/i2c.o
 .debug_line    0x00002a6c      0xbef ./Core/Src/main.o
 .debug_line    0x0000365b      0x7b9 ./Core/Src/rtc.o
 .debug_line    0x00003e14      0x773 ./Core/Src/stm32f1xx_hal_msp.o
 .debug_line    0x00004587      0x7f0 ./Core/Src/stm32f1xx_hal_timebase_tim.o
 .debug_line    0x00004d77      0x8ba ./Core/Src/stm32f1xx_it.o
 .debug_line    0x00005631      0x7f0 ./Core/Src/system_stm32f1xx.o
 .debug_line    0x00005e21      0x86b ./Core/Src/tim.o
 .debug_line    0x0000668c      0x927 ./Core/Src/usart.o
 .debug_line    0x00006fb3       0x78 ./Core/Startup/startup_stm32f103c8tx.o
 .debug_line    0x0000702b      0xa24 ./Drivers/STM32F1xx_HAL_Driver/Src/stm32f1xx_hal.o
 .debug_line    0x00007a4f     0x1046 ./Drivers/STM32F1xx_HAL_Driver/Src/stm32f1xx_hal_adc.o
 .debug_line    0x00008a95      0xbeb ./Drivers/STM32F1xx_HAL_Driver/Src/stm32f1xx_hal_cortex.o
 .debug_line    0x00009680      0xe2b ./Drivers/STM32F1xx_HAL_Driver/Src/stm32f1xx_hal_dma.o
 .debug_line    0x0000a4ab      0xa7b ./Drivers/STM32F1xx_HAL_Driver/Src/stm32f1xx_hal_gpio.o
 .debug_line    0x0000af26     0x3c1e ./Drivers/STM32F1xx_HAL_Driver/Src/stm32f1xx_hal_i2c.o
 .debug_line    0x0000eb44      0x9c5 ./Drivers/STM32F1xx_HAL_Driver/Src/stm32f1xx_hal_pwr.o
 .debug_line    0x0000f509      0xeda ./Drivers/STM32F1xx_HAL_Driver/Src/stm32f1xx_hal_rcc.o
 .debug_line    0x000103e3      0x98b ./Drivers/STM32F1xx_HAL_Driver/Src/stm32f1xx_hal_rcc_ex.o
 .debug_line    0x00010d6e     0x1230 ./Drivers/STM32F1xx_HAL_Driver/Src/stm32f1xx_hal_rtc.o
 .debug_line    0x00011f9e     0x3515 ./Drivers/STM32F1xx_HAL_Driver/Src/stm32f1xx_hal_tim.o
 .debug_line    0x000154b3     0x18e5 ./Drivers/STM32F1xx_HAL_Driver/Src/stm32f1xx_hal_tim_ex.o
 .debug_line    0x00016d98     0x253d ./Drivers/STM32F1xx_HAL_Driver/Src/stm32f1xx_hal_uart.o
 .debug_line    0x000192d5     0x266e ./Middlewares/Third_Party/FreeRTOS/Source/CMSIS_RTOS_V2/cmsis_os2.o
 .debug_line    0x0001b943      0x889 ./Middlewares/Third_Party/FreeRTOS/Source/list.o
 .debug_line    0x0001c1cc     0x181d ./Middlewares/Third_Party/FreeRTOS/Source/queue.o
 .debug_line    0x0001d9e9     0x1e2e ./Middlewares/Third_Party/FreeRTOS/Source/tasks.o
 .debug_line    0x0001f817      0xef7 ./Middlewares/Third_Party/FreeRTOS/Source/timers.o
 .debug_line    0x0002070e      0x9e4 ./Middlewares/Third_Party/FreeRTOS/Source/portable/GCC/ARM_CM3/port.o
 .debug_line    0x000210f2      0xa9f ./Middlewares/Third_Party/FreeRTOS/Source/portable/MemMang/heap_4.o

.debug_str      0x00000000    0x9e872
 .debug_str     0x00000000    0x9e872 ./Core/Src/adc.o
                              0x8bdf4 (size before relaxing)
 .debug_str     0x0009e872    0x8bc87 ./Core/Src/dma.o
 .debug_str     0x0009e872    0x93896 ./Core/Src/freertos.o
 .debug_str     0x0009e872    0x8ba29 ./Core/Src/gpio.o
 .debug_str     0x0009e872    0x8bf11 ./Core/Src/i2c.o
 .debug_str     0x0009e872    0x93b66 ./Core/Src/main.o
 .debug_str     0x0009e872    0x8bb97 ./Core/Src/rtc.o
 .debug_str     0x0009e872    0x8bca5 ./Core/Src/stm32f1xx_hal_msp.o
 .debug_str     0x0009e872    0x8bd83 ./Core/Src/stm32f1xx_hal_timebase_tim.o
 .debug_str     0x0009e872    0x8c1b4 ./Core/Src/stm32f1xx_it.o
 .debug_str     0x0009e872    0x8b4bb ./Core/Src/system_stm32f1xx.o
 .debug_str     0x0009e872    0x8c2e5 ./Core/Src/tim.o
 .debug_str     0x0009e872    0x8c1fc ./Core/Src/usart.o
 .debug_str     0x0009e872       0x9c ./Core/Startup/startup_stm32f103c8tx.o
 .debug_str     0x0009e872    0x8bbee ./Drivers/STM32F1xx_HAL_Driver/Src/stm32f1xx_hal.o
 .debug_str     0x0009e872    0x8bb9f ./Drivers/STM32F1xx_HAL_Driver/Src/stm32f1xx_hal_adc.o
 .debug_str     0x0009e872    0x8bb3a ./Drivers/STM32F1xx_HAL_Driver/Src/stm32f1xx_hal_cortex.o
 .debug_str     0x0009e872    0x8b864 ./Drivers/STM32F1xx_HAL_Driver/Src/stm32f1xx_hal_dma.o
 .debug_str     0x0009e872    0x8b841 ./Drivers/STM32F1xx_HAL_Driver/Src/stm32f1xx_hal_gpio.o
 .debug_str     0x0009e872    0x8c582 ./Drivers/STM32F1xx_HAL_Driver/Src/stm32f1xx_hal_i2c.o
 .debug_str     0x0009e872    0x8b9f2 ./Drivers/STM32F1xx_HAL_Driver/Src/stm32f1xx_hal_pwr.o
 .debug_str     0x0009e872    0x8b8ea ./Drivers/STM32F1xx_HAL_Driver/Src/stm32f1xx_hal_rcc.o
 .debug_str     0x0009e872    0x8b63a ./Drivers/STM32F1xx_HAL_Driver/Src/stm32f1xx_hal_rcc_ex.o
 .debug_str     0x0009e872    0x8b9c6 ./Drivers/STM32F1xx_HAL_Driver/Src/stm32f1xx_hal_rtc.o
 .debug_str     0x0009e872    0x8c8ec ./Drivers/STM32F1xx_HAL_Driver/Src/stm32f1xx_hal_tim.o
 .debug_str     0x0009e872    0x8c0f8 ./Drivers/STM32F1xx_HAL_Driver/Src/stm32f1xx_hal_tim_ex.o
 .debug_str     0x0009e872    0x8bf5b ./Drivers/STM32F1xx_HAL_Driver/Src/stm32f1xx_hal_uart.o
 .debug_str     0x0009e872    0x96396 ./Middlewares/Third_Party/FreeRTOS/Source/CMSIS_RTOS_V2/cmsis_os2.o
 .debug_str     0x0009e872     0xaac9 ./Middlewares/Third_Party/FreeRTOS/Source/list.o
 .debug_str     0x0009e872     0xc609 ./Middlewares/Third_Party/FreeRTOS/Source/queue.o
 .debug_str     0x0009e872     0xd4c7 ./Middlewares/Third_Party/FreeRTOS/Source/tasks.o
 .debug_str     0x0009e872     0xce5a ./Middlewares/Third_Party/FreeRTOS/Source/timers.o
 .debug_str     0x0009e872     0xb6f2 ./Middlewares/Third_Party/FreeRTOS/Source/portable/GCC/ARM_CM3/port.o